   Compiling memchr v2.8.3
   Compiling cfg-if v1.0.5
   Compiling libloading v0.8.9
   Compiling nom v7.1.3
   Compiling clang-sys v1.9.1
   Compiling cexpr v0.6.0
   Compiling bindgen v0.72.1
   Compiling whisper-rs-sys v0.15.0
    Checking libc v0.2.189
    Checking serde_core v1.0.229
    Checking errno v0.3.14
    Checking bitflags v2.13.2
   Compiling whisper-rs v0.16.0
    Checking getrandom v0.4.3
    Checking rustix v1.1.5
    Checking zmij v1.0.23
    Checking fastrand v2.5.0
    Checking once_cell v1.21.4
    Checking itoa v1.0.18
    Checking serde_json v1.0.151
    Checking tempfile v3.27.0
    Checking serde v1.0.229
    Checking anyhow v1.0.104
    Checking base64 v0.22.1
    Checking overseer-listener v0.1.0 (/private/tmp/overseer-native-speech-diagnostic-20261003/voice)
    Finished `dev` profile [unoptimized + debuginfo] target(s) in 33.55s
