[2026-09-26T22:36:13.830Z] installed "Installing extensions...\nExtension 'overseer-0.1.0.vsix' was successfully installed."
[2026-09-26T22:36:18.270Z] workspaces {"wsA":"/private/tmp/ovs-ui-VlRI5I/overseer-home/worktrees/repoA-c12897f6/a-seq","wsB":"/private/tmp/ovs-ui-VlRI5I/overseer-home/worktrees/repoB-6a5cf2eb/b-seq"}
[2026-09-26T22:36:24.230Z] PASS selecting run A opens A worktree review (outside the open folder) "/private/tmp/ovs-ui-VlRI5I/overseer-home/worktrees/repoA-c12897f6/a-seq"
[2026-09-26T22:36:24.230Z] PASS selecting an existing run does not turn Follow on "off"
[2026-09-26T22:36:30.358Z] PASS follow ignores unattributed user file ["Following agent edits (agent tool input (tool-input))","Following: a.txt:60 (agent tool input (tool-input))","Following agent edits (agent tool input (tool-input))","Following: b.txt:240 (agent tool input (tool-input))","Following agent edits (agent tool input (tool-input))","Following: a.txt:150 (agent tool input (tool-input))"]
[2026-09-26T22:36:30.359Z] PASS user file still listed in the live review "user-note.txt listed"
[2026-09-26T22:36:30.440Z] screenshot docs/verification/evidence/ui/review/01-run-a-following.png
[2026-09-26T22:36:32.042Z] PASS selecting run B shows B worktree "/private/tmp/ovs-ui-VlRI5I/overseer-home/worktrees/repoB-6a5cf2eb/b-seq"
[2026-09-26T22:36:32.042Z] PASS agent switch does not inherit Follow
[2026-09-26T22:36:37.046Z] PASS switched-to review does not jump during live edits {"topB1":0,"topB2":0}
[2026-09-26T22:36:37.122Z] screenshot docs/verification/evidence/ui/review/02-run-b-selected.png
[2026-09-26T22:36:43.723Z] edit diagnostics {"active":"native-edit-context","save":false,"status":"","notice":"","typed":true}
[2026-09-26T22:36:43.814Z] screenshot docs/verification/evidence/ui/review/03-edit-atxt.png
[2026-09-26T22:36:45.401Z] PASS review edit wrote only B worktree "A unchanged, source repoB unchanged"
[2026-09-26T22:36:46.410Z] timing {"label":"write new file","ms":414}
[2026-09-26T22:36:46.930Z] timing {"label":"atomic replace","ms":520}
[2026-09-26T22:36:48.162Z] timing {"label":"staging (review Staged scope)","ms":228}
[2026-09-26T22:36:48.817Z] timing {"label":"rename","ms":444}
[2026-09-26T22:36:49.333Z] timing {"label":"delete","ms":516}
[2026-09-26T22:36:49.875Z] timing {"label":"branch change","ms":542}
[2026-09-26T22:36:50.754Z] timing {"label":"missed watcher event (excluded folder)","ms":879}
[2026-09-26T22:36:50.755Z] PASS ordinary changes refresh within 2 s {"write new file":414,"atomic replace":520,"staging (review Staged scope)":228,"rename":444,"delete":516,"branch change":542,"missed watcher event (excluded folder)":879}
[2026-09-26T22:36:50.755Z] PASS missed watcher event reconciled within 5 s 879
[2026-09-26T22:36:50.759Z] PASS navigator selection preserved across live refreshes {"selectedBefore":"a.txtM","selectedAfter":"a.txtM"}
[2026-09-26T22:36:50.835Z] screenshot docs/verification/evidence/ui/review/04-refresh.png
[2026-09-26T22:36:55.759Z] file states {"esc":{"load":"rendered","problem":"","card":"","save":true,"readOnly":false},"latin":{"load":"unsupported","problem":"The encoded data was not valid for encoding utf-8","card":"","save":true,"readOnly":false},"big":{"load":"unsupported","problem":"File exceeds the 2 MiB preview limit. Open in Native Diff to inspect it.","card":"","save":true,"readOnly":false}}
[2026-09-26T22:36:55.759Z] PASS escaping symlink is not editable in the review {"load":"rendered","problem":"","card":"","save":true,"readOnly":false}
[2026-09-26T22:36:55.759Z] PASS invalid UTF-8 shows a truthful problem {"load":"unsupported","problem":"The encoded data was not valid for encoding utf-8","card":"","save":true,"readOnly":false}
[2026-09-26T22:36:55.759Z] PASS oversized file shows the preview limit {"load":"unsupported","problem":"File exceeds the 2 MiB preview limit. Open in Native Diff to inspect it.","card":"","save":true,"readOnly":false}
[2026-09-26T22:36:56.799Z] PASS symlink escaping the workspace cannot be edited in the review {"typed":false,"save":true}
[2026-09-26T22:36:56.799Z] PASS symlink target outside workspace untouched
[2026-09-26T22:36:56.971Z] merge "Auto-merging conflict.txt\nCONFLICT (content): Merge conflict in conflict.txt\nAutomatic merge failed; fix conflicts and then commit the result."
[2026-09-26T22:36:57.385Z] PASS merge conflict shown as Conflicted and listed in the review {"conflictShown":true,"conflictListed":true}
[2026-09-26T22:36:57.456Z] screenshot docs/verification/evidence/ui/review/05-conflict.png
[2026-09-26T22:36:59.417Z] edit diagnostics {"active":"native-edit-context","save":false,"status":"","notice":"","typed":true}
[2026-09-26T22:36:59.486Z] screenshot docs/verification/evidence/ui/review/06-edit-atxt.png
[2026-09-26T22:37:03.506Z] PASS draft survives a rename during edit (kept as a dirty buffer) "Review: B seq (11), Editor Group 1 | a.txt, Editor Group 1 | Overseer, Editor Group 2"
[2026-09-26T22:37:03.576Z] screenshot docs/verification/evidence/ui/review/07-rename-during-edit.png
[2026-09-26T22:37:03.650Z] screenshot docs/verification/evidence/ui/review/08-unsupported-files.png
[2026-09-26T22:37:06.251Z] PASS current checkout review is the repository itself "/private/tmp/ovs-ui-VlRI5I/repoA"
[2026-09-26T22:37:07.043Z] PASS filesystem-only harness shows the Follow limitation "Filesystem evidence only: this harness does not report its edits, so Follow cannot attribute or jump to them. The file list still refreshes live."
[2026-09-26T22:37:08.976Z] edit diagnostics {"active":"native-edit-context","save":false,"status":"","notice":"","typed":true}
[2026-09-26T22:37:09.068Z] screenshot docs/verification/evidence/ui/review/09-edit-atxt.png
[2026-09-26T22:37:10.655Z] PASS current-checkout review edit saved to the checkout path
[2026-09-26T22:37:12.839Z] PASS native editor undo/redo on the selected file {"typed":true,"undone":true,"redone":true}
[2026-09-26T22:37:12.908Z] screenshot docs/verification/evidence/ui/review/10-native-draft.png
[2026-09-26T22:37:15.411Z] PASS same-line external write does not overwrite the unsaved draft; both versions exist {"draftKept":true,"diskHasAgent":true}
[2026-09-26T22:37:16.806Z] screenshot docs/verification/evidence/ui/review/11-unsaved-marker.png
[2026-09-26T22:37:16.806Z] PASS unsaved draft marked in the review file list (AC-75 replaced Workspace Dirty)
[2026-09-26T22:37:25.273Z] PASS pending draft recovered after reload
[2026-09-26T22:37:25.367Z] screenshot docs/verification/evidence/ui/review/12-after-reload.png
[2026-09-26T22:37:25.461Z] PASS review restored after reload "tab restored"
[2026-09-26T22:37:25.467Z] PASS selected agent and the unsaved marker restored after reload {"chatRestored":true,"markerRestored":true}
[2026-09-26T22:37:25.537Z] screenshot docs/verification/evidence/ui/review/13-review-after-reload.png
