$ OVERSEER_TAP_TRIES=4 node e2e/run.mjs --platform android --skip-build --only pair,safety,tap-timing,tap-open --write-baseline --out <scratch>   (2026-09-28 04:52:19, the release app from dec3aaf, e2e files from 1d285d62, load { 6.05 4.71 4.75 })
11:52:19 $ cargo build -p overseerd
11:52:19 The phone's scenarios on android. Commit dec3aaf.
11:52:23 scenario pair (AC-117, AC-118, AC-141): a code typed on the phone, confirmed on the Mac, and the agents list
11:52:23 flow pair
11:53:07 ok   pair
11:53:07 scenario safety (AC-130): both safety settings turned on from the phone, each with the device's own unlock: the app is locked when opened, and Stop all asks for the unlock
11:53:08 flow safety-toggle
11:53:34 flow safety-is-on
11:53:39 flow safety-toggle
11:54:04 flow safety-is-on
11:54:09 flow locked-open
11:54:24 flow unlocked
11:54:31 flow stop-all-unlock
11:54:55 ok   safety
11:54:55 scenario tap-timing (AC-126): experiment: a tap on a hunk's Accept, sent by adb the moment the file screen shows it, 1.2 s later and 3 s later: is any lost?
11:54:55 flow open-file
11:55:33   Accept is at 724, 442
11:55:33 flow open-file
11:55:59   a tap 0 ms after the hunks showed, try 1: marked; the phone sent review.accept
11:55:59 flow open-file
11:56:27   a tap 0 ms after the hunks showed, try 2: marked; the phone sent review.accept
11:56:27 flow open-file
11:56:55   a tap 0 ms after the hunks showed, try 3: marked; the phone sent review.accept
11:56:55 flow open-file
11:57:22   a tap 0 ms after the hunks showed, try 4: marked; the phone sent review.accept
11:57:22 flow open-file
11:57:50   a tap 1200 ms after the hunks showed, try 1: marked; the phone sent review.accept
11:57:50 flow open-file
11:58:17   a tap 1200 ms after the hunks showed, try 2: marked; the phone sent review.accept
11:58:17 flow open-file
11:58:45   a tap 1200 ms after the hunks showed, try 3: marked; the phone sent review.accept
11:58:45 flow open-file
11:59:12   a tap 1200 ms after the hunks showed, try 4: marked; the phone sent review.accept
11:59:12 flow open-file
11:59:41   a tap 3000 ms after the hunks showed, try 1: marked; the phone sent review.accept
11:59:41 flow open-file
12:00:11   a tap 3000 ms after the hunks showed, try 2: marked; the phone sent review.accept
12:00:11 flow open-file
12:00:43   a tap 3000 ms after the hunks showed, try 3: marked; the phone sent review.accept
12:00:43 flow open-file
12:01:13   a tap 3000 ms after the hunks showed, try 4: marked; the phone sent review.accept
12:01:13   the gateway's log: 18 connections, 0 closed for a frame that did not decrypt
12:01:13   taps by adb: 0 ms after: 4 marked, 0 lost; 1200 ms after: 4 marked, 0 lost; 3000 ms after: 4 marked, 0 lost
12:01:13 ok   tap-timing
12:01:13 scenario tap-open (AC-126): experiment: the file opened by adb from the changes list, Accept tapped by adb 300, 600, 1000 and 2000 ms later: is any tap lost?
12:01:13 flow open-changes
12:01:52   the row is at 540, 921, Accept at 724, 442
12:01:54   opened by adb, Accept tapped 300 ms later, try 1: marked; the phone sent review.accept
12:01:57   opened by adb, Accept tapped 300 ms later, try 2: marked; the phone sent review.accept
12:02:01   opened by adb, Accept tapped 300 ms later, try 3: marked; the phone sent review.accept
12:02:04   opened by adb, Accept tapped 300 ms later, try 4: marked; the phone sent review.accept
12:02:08   opened by adb, Accept tapped 300 ms later, try 5: marked; the phone sent review.accept
12:02:12   opened by adb, Accept tapped 300 ms later, try 6: marked; the phone sent review.accept
12:02:15   opened by adb, Accept tapped 300 ms later, try 7: marked; the phone sent review.accept
12:02:19   opened by adb, Accept tapped 300 ms later, try 8: marked; the phone sent review.accept
12:02:22   opened by adb, Accept tapped 300 ms later, try 9: marked; the phone sent review.accept
12:02:26   opened by adb, Accept tapped 300 ms later, try 10: marked; the phone sent review.accept
12:02:30   opened by adb, Accept tapped 600 ms later, try 1: marked; the phone sent review.accept
12:02:34   opened by adb, Accept tapped 600 ms later, try 2: marked; the phone sent review.accept
12:02:38   opened by adb, Accept tapped 600 ms later, try 3: marked; the phone sent review.accept
12:02:42   opened by adb, Accept tapped 600 ms later, try 4: marked; the phone sent review.accept
12:02:46   opened by adb, Accept tapped 600 ms later, try 5: marked; the phone sent review.accept
12:02:49   opened by adb, Accept tapped 600 ms later, try 6: marked; the phone sent review.accept
12:02:53   opened by adb, Accept tapped 600 ms later, try 7: marked; the phone sent review.accept
12:02:57   opened by adb, Accept tapped 600 ms later, try 8: marked; the phone sent review.accept
12:03:01   opened by adb, Accept tapped 600 ms later, try 9: marked; the phone sent review.accept
12:03:05   opened by adb, Accept tapped 600 ms later, try 10: marked; the phone sent review.accept
12:03:09   opened by adb, Accept tapped 1000 ms later, try 1: marked; the phone sent review.accept
12:03:14   opened by adb, Accept tapped 1000 ms later, try 2: marked; the phone sent review.accept
12:03:18   opened by adb, Accept tapped 1000 ms later, try 3: marked; the phone sent review.accept
12:03:22   opened by adb, Accept tapped 1000 ms later, try 4: marked; the phone sent review.accept
12:03:27   opened by adb, Accept tapped 1000 ms later, try 5: marked; the phone sent review.accept
12:03:31   opened by adb, Accept tapped 1000 ms later, try 6: marked; the phone sent review.accept
12:03:35   opened by adb, Accept tapped 1000 ms later, try 7: marked; the phone sent review.accept
12:03:40   opened by adb, Accept tapped 1000 ms later, try 8: marked; the phone sent review.accept
12:03:44   opened by adb, Accept tapped 1000 ms later, try 9: marked; the phone sent review.accept
12:03:48   opened by adb, Accept tapped 1000 ms later, try 10: marked; the phone sent review.accept
12:03:53   opened by adb, Accept tapped 2000 ms later, try 1: marked; the phone sent review.accept
12:03:59   opened by adb, Accept tapped 2000 ms later, try 2: marked; the phone sent review.accept
12:04:04   opened by adb, Accept tapped 2000 ms later, try 3: marked; the phone sent review.accept
12:04:09   opened by adb, Accept tapped 2000 ms later, try 4: marked; the phone sent review.accept
12:04:15   opened by adb, Accept tapped 2000 ms later, try 5: marked; the phone sent review.accept
12:04:20   opened by adb, Accept tapped 2000 ms later, try 6: marked; the phone sent review.accept
12:04:25   opened by adb, Accept tapped 2000 ms later, try 7: marked; the phone sent review.accept
12:04:31   opened by adb, Accept tapped 2000 ms later, try 8: marked; the phone sent review.accept
12:04:36   opened by adb, Accept tapped 2000 ms later, try 9: marked; the phone sent review.accept
12:04:41   opened by adb, Accept tapped 2000 ms later, try 10: marked; the phone sent review.accept
12:04:43   the gateway's log: 19 connections, 0 closed for a frame that did not decrypt
12:04:43   opened and tapped by adb: 300 ms after: 10 marked, 0 lost; 600 ms after: 10 marked, 0 lost; 1000 ms after: 10 marked, 0 lost; 2000 ms after: 10 marked, 0 lost
12:04:43 ok   tap-open
12:07:42 ok   budgets

android  ok   pair
android  ok   safety
android  ok   tap-timing
android  ok   tap-open
android  ok   budgets

Every scenario passed and every budget held.
