[2026-09-30T10:27:48.198Z] installed "Installing extensions...\nExtension 'overseer-0.1.0.vsix' was successfully installed."
[2026-09-30T10:27:52.493Z] PASS fixture: the agent committed data/features.js on its branch and left .env untracked {"log":"44c23d3 add features\n64016bc fixture base","status":"?? .env"}
[2026-09-30T10:27:56.399Z] screenshot docs/verification/evidence/ui/review-merge/01-review-committed-new-file.png
[2026-09-30T10:27:56.422Z] PASS the review counts the committed new file (never "0 files") and shows it added, every line {"total":"2 files","count":"2","base":"Since task start","rows":[{"path":".env","status":"A","browsed":false,"added":"1","removed":"0"},{"path":"data/features.js","status":"A","browsed":false,"added":"2","removed":"0"}]}
[2026-09-30T10:27:56.423Z] PASS Save says what it does ("Save your edits") and shows only once you have typed {"save":"Save your edits","saveHidden":true,"saveTitle":"Save your edits (Cmd+S): writes what you typed to this file. It does not accept or reject the agent's changes.","keep":"Accept","undo":"Reject","keepTitle":"Accept: the agent's change stays and is marked accepted (nothing is committed or staged)","undoTitle":"Reject: take the agent's change out and put back what was there before (Cmd+Z in the native editor brings it back)"}
[2026-09-30T10:27:56.423Z] PASS the new file is all added lines: no removed line above them, one hunk {"deleted":0,"inserted":2,"hunks":"1","lines":["export const features = [];","export default features;",""]}
[2026-09-30T10:27:56.423Z] PASS each change is a clear choice: Accept (the agent's change stays) or Reject (put back what was there) {"save":"Save your edits","saveHidden":true,"saveTitle":"Save your edits (Cmd+S): writes what you typed to this file. It does not accept or reject the agent's changes.","keep":"Accept","undo":"Reject","keepTitle":"Accept: the agent's change stays and is marked accepted (nothing is committed or staged)","undoTitle":"Reject: take the agent's change out and put back what was there before (Cmd+Z in the native editor brings it back)"}
[2026-09-30T10:27:56.497Z] screenshot docs/verification/evidence/ui/review-merge/02-chat-no-remote.png
[2026-09-30T10:27:56.516Z] PASS no remote: the chat offers Merge into main and Publish to GitHub, not Open PR {"hidden":false,"state":"ready","text":"2 files to land","buttons":["merge-now:Merge into main","publish:Publish to GitHub…"]}
[2026-09-30T10:27:56.516Z] PASS the review has the same Merge button (no Open PR without a GitHub remote) {"merge":"Merge into main","pr":false}
[2026-09-30T10:27:57.218Z] screenshot docs/verification/evidence/ui/review-merge/03-open-pr-no-remote.png
[2026-09-30T10:27:57.238Z] PASS Open PR with no remote offers the local merge (or Publish to GitHub) in the window, never a dialog {"offered":{"title":"This repository has no GitHub remote, so there is no pull request to open","rows":["git-merge  Merge into main, Merge the agent's work into main in this repository, on this Mac. Nothing is pushed.","github  Publish to GitHub…, Create a GitHub repository for it first; you are asked before anything is created."],"value":""},"alert":false}
[2026-09-30T10:27:58.595Z] screenshot docs/verification/evidence/ui/review-merge/04-dialog-merge-into-main.png
[2026-09-30T10:27:59.716Z] PASS one confirmation lists the files that land, and the untracked .env apart "Cancel\nMerge into main\nMerge into main: “Add the features list”?\n2 files land on main in shop:\nA  .env\nA  data/features.js\n\nNot tracked by Git yet (committed to the agent's branch first, check none is a secret):\n?  .env\n\nGit's hooks run. If main changed the same lines, the program is asked to combine them, and you can cancel the merge from its chat.\nThe worktree is kept until you clean it up."
[2026-09-30T10:27:59.738Z] PASS merged: main has the agent's file, and the pre-commit hook ran for the commit of .env {"log":"690e36b Merge overseer/add-the-features-list into main (Overseer merge back)\n319b539 Overseer: Add the features list\n44c23d3 add features","hooks":"pre-commit overseer/add-the-features-list\npre-commit overseer/add-the-features-list\npre-commit overseer/add-the-features-list\n"}
[2026-09-30T10:27:59.850Z] screenshot docs/verification/evidence/ui/review-merge/05-chat-merged.png
[2026-09-30T10:27:59.874Z] PASS the chat reads "Merged into main (commit)" and offers Clean up {"hidden":false,"state":"merged","text":"Merged into main (690e36b)","buttons":["cleanup-now:Clean up"]}
[2026-09-30T10:27:59.874Z] PASS its conversation says it once, with the commit (no raw "merge back" lines) "Merged into main (690e36b)"
[2026-09-30T10:27:59.875Z] PASS the side bar reads "Merged into main (commit)" {"label":"Add the features list","description":"Merged into main (690e36b) · now","level":2,"expanded":null,"selected":true,"focused":true,"aria":"Add the features list, done · Merged into main (690e36b), Program"}
[2026-09-30T10:27:59.875Z] PASS the review reads "Merged into main (commit)" and offers Clean up, no Merge "Merged into main (690e36b)\nClean up"
[2026-09-30T10:28:00.518Z] screenshot docs/verification/evidence/ui/review-merge/06-grid-merged.png
[2026-09-30T10:28:00.561Z] PASS the grid tile reads "Merged into main (commit)" "Merged into main (690e36b)"
[2026-09-30T10:28:05.646Z] screenshot docs/verification/evidence/ui/review-merge/07-dialog-merge-into-main.png
[2026-09-30T10:28:06.867Z] screenshot docs/verification/evidence/ui/review-merge/08-chat-merge-stopped.png
[2026-09-30T10:28:06.904Z] PASS a merge stopped on conflicts says so in the chat, with Finish merge and Cancel merge {"text":"Merge stopped: conflicts in a.txt","buttons":["merge-now:Finish merge","cancel-merge:Cancel merge"]}
[2026-09-30T10:28:06.916Z] PASS main is untouched while the merge is stopped "754b2bd main changes L5\n690e36b Merge overseer/add-the-features-list into main (Overseer merge back)"
[2026-09-30T10:28:07.049Z] PASS Open PR refuses the worktree in the middle of the merge {"ok":false,"reason":"Merging main into overseer/change-line-five is unfinished: a.txt still has conflicts. Resolve them, or cancel the merge back, before opening a pull request."}
[2026-09-30T10:28:07.931Z] screenshot docs/verification/evidence/ui/review-merge/09-chat-merge-cancelled.png
[2026-09-30T10:28:08.014Z] PASS Cancel merge restores the worktree as it was before the merge (the work uncommitted again) {"before":"M a.txt\n?? notes.txt","after":"M a.txt\n?? notes.txt"}
[2026-09-30T10:28:08.015Z] PASS the conversation says the merge stopped and was cancelled ["Merge stopped: conflicts in a.txt","Merge cancelled: the worktree is as it was before it"]
