[2026-10-03T04:23:15.395Z] installed "Installing extensions...\nExtension 'overseer-0.1.0.vsix' was successfully installed."
[2026-10-03T04:23:15.583Z] background launch: VS Code window constructor not found; the first window may come to the front
[2026-10-03T04:23:19.625Z] typed: from a cold window, keyboard only
[2026-10-03T04:23:19.689Z] screenshot docs/verification/evidence/ui/zero-friction/01-typed-0-cold-window.png
[2026-10-03T04:23:21.567Z] screenshot docs/verification/evidence/ui/zero-friction/02-typed-1-open.png
[2026-10-03T04:23:21.590Z] PASS typed: open Overseer — ⌥⌘⇧O: 1 action, 1762 ms {"actions":{"keys":1,"commands":0,"said":0,"picks":0,"words":0,"yes":0},"home":{"mode":"composer","selected":"r-b0b308d7abb2","title":"Docs","said":[],"voice":"","back":true,"width":531},"groups":["",""]}
[2026-10-03T04:23:24.092Z] screenshot docs/verification/evidence/ui/zero-friction/03-typed-2-told.png
[2026-10-03T04:23:24.119Z] PASS typed: tell it to do something — ⌥⌘O, "Someone should draft the page", Enter; Yes on the proposal: 1 action and one yes, 1558 ms {"actions":{"keys":1,"commands":0,"said":0,"picks":0,"words":1,"yes":1},"composerFocusedByTheKey":true,"started":{"id":"r-da9c17820fe2","title":"draft the page"}}
[2026-10-03T04:23:54.010Z] screenshot docs/verification/evidence/ui/zero-friction/04-typed-3-follow.png
[2026-10-03T04:23:54.047Z] PASS typed: follow an agent — ⌥⌘A, "draft", Enter: 1 action, 928 ms {"actions":{"keys":1,"commands":0,"said":0,"picks":1,"words":0,"yes":0},"follow":{"view":"follow","path":"draft.md","source":"agent","visible":"visible","seen":[{"ms":24,"view":"follow","path":"","source":"","visible":"visible"},{"ms":351,"view":"follow","path":"draft.md","source":"agent","visible":"visible"}]}}
[2026-10-03T04:23:54.278Z] screenshot docs/verification/evidence/ui/zero-friction/05-typed-4-manual-edit.png
[2026-10-03T04:23:54.324Z] PASS typed: Follow → Manual edit — ⌥⌘E: 1 action, 71 ms {"actions":{"keys":1,"commands":0,"said":0,"picks":0,"words":0,"yes":0},"editor":{"title":"draft.md — zf-repo","editor":true,"focused":true,"status":"Manual edit","about":"Manual edit: draft the page"}}
[2026-10-03T04:23:55.287Z] PASS Manual edit is the agent's real file: the owner's line, saved, is in its worktree {"file":"/private/tmp/ovs-ui-VirZPg/overseer-home/worktrees/zf-repo-84b25b34/draft-the-page/draft.md","text":"Owner: keep it short.\n# Draft\n\nThe sections.\n"}
[2026-10-03T04:23:57.815Z] screenshot docs/verification/evidence/ui/zero-friction/06-typed-5-follow-again.png
[2026-10-03T04:23:57.866Z] PASS typed: Manual edit → Follow — ⌥⌘E: 1 action, 417 ms {"actions":{"keys":1,"commands":0,"said":0,"picks":0,"words":0,"yes":0},"follow":{"view":"follow","path":"draft.md","source":"agent","visible":"visible","seen":[{"ms":28,"view":"follow","path":"","source":"","visible":"visible"},{"ms":353,"view":"follow","path":"draft.md","source":"agent","visible":"visible"}]},"editor":{"title":"Review: draft the page (1) — zf-repo","editor":false,"focused":false,"status":"Follow","about":"Follow: draft the page"}}
[2026-10-03T04:23:59.164Z] screenshot docs/verification/evidence/ui/zero-friction/07-typed-6-stopped.png
[2026-10-03T04:23:59.209Z] PASS typed: change course (stop the agent) — ⌥⌘.: 1 action, 179 ms {"actions":{"keys":1,"commands":0,"said":0,"picks":0,"words":0,"yes":0},"before":"running","after":"interrupted","pickShown":null}
[2026-10-03T04:24:03.030Z] screenshot docs/verification/evidence/ui/zero-friction/08-voice-0-own-layout.png
[2026-10-03T04:24:04.963Z] screenshot docs/verification/evidence/ui/zero-friction/09-voice-1-open.png
[2026-10-03T04:24:04.974Z] PASS voice: open Overseer — "Open Overseer.": 1 action, 1824 ms {"actions":{"keys":0,"commands":0,"said":1,"picks":0,"words":0,"yes":0},"said":{"built_in":"open","place":"overseer","run":null,"taken":true},"home":{"mode":"composer","selected":"r-da9c17820fe2","title":"draft the page","said":["YouSomeone should draft the pagedraft the page was stoppedStart as an agent"],"voice":"listening","back":true,"width":1031}}
[2026-10-03T04:24:08.057Z] screenshot docs/verification/evidence/ui/zero-friction/10-voice-2-told.png
[2026-10-03T04:24:08.075Z] PASS voice: tell it to do something — "Overseer, someone should write the notes.": 1 action, 2966 ms {"actions":{"keys":0,"commands":0,"said":1,"picks":0,"words":0,"yes":0},"said":{"queued":false,"request":"V-0001","taken":true},"request":{"state":"settling","done":null},"started":{"id":"r-2c94830b8c02","title":"write the notes"}}
[2026-10-03T04:24:37.315Z] screenshot docs/verification/evidence/ui/zero-friction/11-voice-3-follow.png
[2026-10-03T04:24:37.347Z] PASS voice: follow an agent — "Follow the notes agent.": 1 action, 215 ms {"actions":{"keys":0,"commands":0,"said":1,"picks":0,"words":0,"yes":0},"said":{"built_in":"open","place":"follow","run":"r-2c94830b8c02","taken":true},"follow":{"view":"follow","path":"draft.md","source":"agent","visible":"visible","seen":[{"ms":340,"view":"follow","path":"draft.md","source":"agent","visible":"visible"}]}}
[2026-10-03T04:24:37.676Z] screenshot docs/verification/evidence/ui/zero-friction/12-voice-4-manual-edit.png
[2026-10-03T04:24:37.712Z] PASS voice: Follow → Manual edit — "Manual edit.": 1 action, 206 ms {"actions":{"keys":0,"commands":0,"said":1,"picks":0,"words":0,"yes":0},"said":{"built_in":"open","place":"manual_edit","run":null,"taken":true},"editor":{"title":"draft.md — zf-repo","editor":true,"focused":true,"status":"Manual edit","about":"Manual edit: write the notes"}}
[2026-10-03T04:24:40.165Z] screenshot docs/verification/evidence/ui/zero-friction/13-voice-5-follow-again.png
[2026-10-03T04:24:40.204Z] PASS voice: Manual edit → Follow — "Back to follow.": 1 action, 337 ms {"actions":{"keys":0,"commands":0,"said":1,"picks":0,"words":0,"yes":0},"said":{"built_in":"open","place":"follow","run":null,"taken":true},"follow":{"view":"follow","path":"draft.md","source":"agent","visible":"visible","seen":[{"ms":332,"view":"follow","path":"draft.md","source":"agent","visible":"visible"}]},"editor":{"title":"Review: write the notes (1) — zf-repo","editor":false,"focused":false,"status":"Follow","about":"Follow: write the notes"}}
[2026-10-03T04:24:42.846Z] PASS voice: change course (redirect the agent) — "Tell the notes agent to keep it short.": 1 action, 2638 ms {"actions":{"keys":0,"commands":0,"said":1,"picks":0,"words":0,"yes":0},"said":{"queued":false,"request":"V-0002","taken":true},"request":{"state":"sent","done":"Done: sent \"(by voice) The owner said: “Tell the notes agent to keep it short.”\nFor you: Please keep it short.\" to write the notes (queued until its turn ends)."},"queued":true}
[2026-10-03T04:24:43.189Z] screenshot docs/verification/evidence/ui/zero-friction/14-voice-6-stopped.png
[2026-10-03T04:24:43.231Z] PASS voice: change course (stop the agent) — "Stop the notes agent.": 1 action, 219 ms {"actions":{"keys":0,"commands":0,"said":1,"picks":0,"words":0,"yes":0},"said":{"built_in":"stop","request":"V-0003","stopped":["write the notes"],"taken":true},"interrupted":true,"redirectIsTheNextTurn":true}
[2026-10-03T04:24:43.231Z] the loop ["typed · open Overseer · ⌥⌘⇧O · keys 1 said 0 yes 0 · 1762 ms · ok","typed · tell it to do something · ⌥⌘O, \"Someone should draft the page\", Enter; Yes on the proposal · keys 1 said 0 yes 1 · 1558 ms · ok","typed · follow an agent · ⌥⌘A, \"draft\", Enter · keys 1 said 0 yes 0 · 928 ms · ok","typed · Follow → Manual edit · ⌥⌘E · keys 1 said 0 yes 0 · 71 ms · ok","typed · Manual edit → Follow · ⌥⌘E · keys 1 said 0 yes 0 · 417 ms · ok","typed · change course (stop the agent) · ⌥⌘. · keys 1 said 0 yes 0 · 179 ms · ok","voice · open Overseer · \"Open Overseer.\" · keys 0 said 1 yes 0 · 1824 ms · ok","voice · tell it to do something · \"Overseer, someone should write the notes.\" · keys 0 said 1 yes 0 · 2966 ms · ok","voice · follow an agent · \"Follow the notes agent.\" · keys 0 said 1 yes 0 · 215 ms · ok","voice · Follow → Manual edit · \"Manual edit.\" · keys 0 said 1 yes 0 · 206 ms · ok","voice · Manual edit → Follow · \"Back to follow.\" · keys 0 said 1 yes 0 · 337 ms · ok","voice · change course (redirect the agent) · \"Tell the notes agent to keep it short.\" · keys 0 said 1 yes 0 · 2638 ms · ok","voice · change course (stop the agent) · \"Stop the notes agent.\" · keys 0 said 1 yes 0 · 219 ms · ok"]
[2026-10-03T04:24:43.231Z] PASS all five, typed and spoken, at most one action each plus at most one yes [["typed","open Overseer",true],["typed","tell it to do something",true],["typed","follow an agent",true],["typed","Follow → Manual edit",true],["typed","Manual edit → Follow",true],["typed","change course (stop the agent)",true],["voice","open Overseer",true],["voice","tell it to do something",true],["voice","follow an agent",true],["voice","Follow → Manual edit",true],["voice","Manual edit → Follow",true],["voice","change course (redirect the agent)",true],["voice","change course (stop the agent)",true]]
