[2026-09-27T11:41:28.002Z] installed "Installing extensions...\nExtension 'overseer-0.1.0.vsix' was successfully installed."
[2026-09-27T11:41:30.631Z] PASS fixture benefit decision permits the planned 32-worker wave {"authoritative_admission":false,"decision":"parallel","expected_time_benefit_ms":3090,"job_ids":["j000","j001","j002","j003","j004","j005","j006","j007","j008","j009","j010","j011","j012","j013","j014","j015","j016","j017","j018","j019","j020","j021","j022","j023","j024","j025","j026","j027","j028","j029","j030","j031"],"max_parallel_workers":32,"parallel":{"elapsed_ms":150,"finishing_usage_milli":{"points":3},"usage_milli":{"points":325}},"reason":"beneficial","replay":false,"revision":1,"run_id":"sw-52784e2d601d","serial":{"affordable":true,"elapsed_ms":3240,"finishing_usage_milli":{"points":3},"usage_milli":{"points":325}},"wave":1}
[2026-09-27T11:41:41.287Z] PASS 32 distinct supervised fixture workers are alive {"active_worker_processes":32,"count":32,"live":32}
[2026-09-27T11:41:41.287Z] PASS remaining jobs include four blockers while 32 attempts hold reservations {"by_status":{"blocked":4,"ready":64,"reserved":32},"total":100}
[2026-09-27T11:41:41.287Z] PASS supervised category director is running alongside 32 workers {"overseer_run_id":"r-491bb0708fe7","owner_status":"active","process_status":"running"}
[2026-09-27T11:41:41.287Z] PASS daemon exposes only fixture commitments, with provider usage unknown {"provider_usage_state":"unknown","selected_targets":[{"attempts":32,"effort":null,"harness":"generic","id":"fixture-local","model":null,"profile_id":null}],"selected_targets_truncated":false,"source":"fixture_admission","windows":[{"allocation_milli":100000,"finishing_reserve_milli":20000,"outstanding_estimate_milli":3200,"pool_id":"fixture-pool","unit":"points","window_id":"run"}],"windows_truncated":false}
[2026-09-27T11:41:43.145Z] PASS packaged Agents sidebar shows 32 working, 64 ready and four blocked [{"label":"Swarms","description":"1","level":1},{"label":"Large backend audit","description":"32 working · 64 ready · 4 blocked","level":2}]
[2026-09-27T11:41:43.146Z] PASS workers are grouped under Swarm without duplicate ordinary agent rows [{"label":"Swarms","description":"1","level":1},{"label":"Large backend audit","description":"32 working · 64 ready · 4 blocked","level":2}]
[2026-09-27T11:41:43.210Z] screenshot docs/verification/evidence/ui/swarm-scale/01-32-workers-compact.png
[2026-09-27T11:41:44.003Z] PASS expanded category shows director and bounded job page [{"label":"Swarms","description":"1","level":1,"expanded":"true","selected":false,"focused":false,"aria":"Swarms 1"},{"label":"Large backend audit","description":"32 working · 64 ready · 4 blocked","level":2,"expanded":"true","selected":false,"focused":true,"aria":"Large backend audit swarm, running, 32 working · 64 ready · 4 blocked"},{"label":"Director","description":"running","level":3,"expanded":null,"selected":false,"focused":false,"aria":"Director running"},{"label":"Capacity","description":"1 selected · usage unknown","level":3,"expanded":"false","selected":false,"focused":false,"aria":"Swarm capacity, 1 selected · usage unknown"},{"label":"Inspect route 0","description":"working","level":3,"expanded":"false","selected":false,"focused":false,"aria":"Inspect route 0, working, 1 attempts"},{"label":"Inspect route 1","description":"working","level":3,"expanded":"false","selected":false,"focused":false,"aria":"Inspect route 1, working, 1 attempts"},{"label":"Inspect route 2","description":"working","level":3,"expanded":"false","selected":false,"focused":false,"aria":"Inspect route 2, working, 1 attempts"},{"label":"Inspect route 3","description":"working","level":3,"expanded":"false","selected":false,"focused":false,"aria":"Inspect route 3, working, 1 attempts"}]
[2026-09-27T11:41:44.087Z] screenshot docs/verification/evidence/ui/swarm-scale/02-32-workers-expanded.png
[2026-09-27T11:41:45.202Z] PASS packaged state filter shows four blocked jobs and no ready or reserved job rows ["Swarms","Large backend audit","Director","Capacity","Inspect route 32","Inspect route 33","Inspect route 34","Inspect route 35","Blocked"]
[2026-09-27T11:41:45.277Z] screenshot docs/verification/evidence/ui/swarm-scale/03-blocked-jobs-filtered.png
[2026-09-27T11:41:47.169Z] PASS expanded capacity names target, reserve and planning decision without claiming live usage [{"label":"Target: fixture-local","description":"generic · account unknown · 32 attempts","level":4,"expanded":null,"selected":false,"focused":false,"aria":"fixture-local · generic · account unknown"},{"label":"Allocation: fixture-pool / run","description":"100 points · finishing reserve 20 points","level":4,"expanded":null,"selected":false,"focused":false,"aria":"100 points · finishing reserve 20 points\nOutstanding estimate: 3.2 points. Fixture commitment, not measured provider usage."},{"label":"Planning: parallel","description":"beneficial","level":4,"expanded":null,"selected":false,"focused":false,"aria":"Latest recorded planning decision. Current admission limit may differ. beneficial"},{"label":"Current limit unknown","description":"last rejected admission is not recorded","level":4,"expanded":null,"selected":false,"focused":false,"aria":"Current limit unknown last rejected admission is not recorded"},{"label":"Provider usage unknown","description":"current allowance not reported","level":4,"expanded":null,"selected":false,"focused":false,"aria":"Provider usage unknown current allowance not reported"}]
[2026-09-27T11:41:47.244Z] screenshot docs/verification/evidence/ui/swarm-scale/04-capacity-expanded.png
[2026-09-27T11:41:48.042Z] PASS an active job opens its supervised worker without mounting all transcripts [{"label":"Worker","description":"working","level":4,"expanded":null,"selected":false,"focused":false,"aria":"Worker, generic · running"}]
[2026-09-27T11:41:48.125Z] screenshot docs/verification/evidence/ui/swarm-scale/05-one-worker-open.png
[2026-09-27T11:41:48.924Z] PASS selecting one live Swarm worker opens its run view without an ordinary-row error
[2026-09-27T11:41:49.442Z] Swarm context menu ["Pause Swarm","Turn Swarm Off","Stop Swarm…"]
[2026-09-27T11:41:49.534Z] PASS Pause from the sidebar acknowledges within 2 seconds with 32 active workers {"status":"paused","active_worker_processes":32,"pause_ms":91}
[2026-09-27T11:41:50.034Z] Swarm context menu ["Resume Swarm","Turn Swarm Off","Stop Swarm…"]
[2026-09-27T11:41:50.125Z] PASS Resume preserves the same 32 supervised workers {"status":"running","active_worker_processes":32}
[2026-09-27T11:41:50.625Z] Swarm context menu ["Pause Swarm","Turn Swarm Off","Stop Swarm…"]
[2026-09-27T11:41:50.799Z] PASS Swarm off drains 32 active workers and cancels the queued backlog {"status":"draining","active_worker_processes":32,"job_counts":{"by_status":{"blocked":4,"cancelled":64,"reserved":32},"total":100}}
[2026-09-27T11:41:50.857Z] PASS Swarm off rejects new worker admission {"reason":"run_not_admitting","status":"blocked"}
[2026-09-27T11:41:51.366Z] Swarm context menu ["Stop Swarm…"]
[2026-09-27T11:41:51.465Z] PASS Stop waits for owner confirmation while workers remain active
[2026-09-27T11:41:51.547Z] PASS confirmed Stop acknowledges within 2 seconds with 32 active workers {"status":"stopping","unconfirmed_exit_count":2,"stop_ms":82}
[2026-09-27T11:41:51.547Z] PASS the SIGINT-resistant fixture worker remains unconfirmed with its estimate reserved {"unconfirmed_exit_count":2,"capacity":{"provider_usage_state":"unknown","selected_targets":[{"attempts":32,"effort":null,"harness":"generic","id":"fixture-local","model":null,"profile_id":null}],"selected_targets_truncated":false,"source":"fixture_admission","windows":[{"allocation_milli":100000,"finishing_reserve_milli":20000,"outstanding_estimate_milli":3200,"pool_id":"fixture-pool","unit":"points","window_id":"run"}],"windows_truncated":false}}
[2026-09-27T11:41:52.496Z] PASS sidebar shows unconfirmed exits separately while Stop is pending [{"label":"Swarms","description":"1"},{"label":"Large backend audit","description":"1 working · 0 ready · 4 blocked · 1 exit unconfirmed"},{"label":"Director","description":"running"},{"label":"Capacity","description":"1 selected · usage unknown"},{"label":"Target: fixture-local","description":"generic · account unknown · 32 attempts"},{"label":"Allocation: fixture-pool / run","description":"100 points · finishing reserve 20 points"},{"label":"Planning: parallel","description":"beneficial"},{"label":"Current limit unknown","description":"last rejected admission is not recorded"},{"label":"Provider usage unknown","description":"current allowance not reported"}]
[2026-09-27T11:41:52.588Z] screenshot docs/verification/evidence/ui/swarm-scale/06-stopping-unconfirmed.png
[2026-09-27T11:42:02.654Z] PASS Stop escalation confirms the final worker exit and clears uncertainty {"status":"stopped","unconfirmed_exit_count":0}
[2026-09-27T11:42:02.775Z] PASS fixture director also confirms exit during teardown {"status":"interrupted","ended_ms":1790509322683}
[2026-09-27T11:42:04.671Z] PASS all fixture worker processes exit after Stop and teardown {"count":32,"live":0,"forced_cleanup":false}
