nice: setpriority: Operation not permitted
PASS actual webview: literal hostile text, inactive planned option, scoped revision, trust restrictions, preserved draft/focus and preview content
node:internal/assert/utils:77
    throw err;
    ^

AssertionError [ERR_ASSERTION]: transport uses its public name
    at Object.<anonymous> (/private/tmp/overseer-mods-labels-20261003/test/unit/mods-panel.js:43:10)
    at Module._compile (node:internal/modules/cjs/loader:1929:14)
    at Object..js (node:internal/modules/cjs/loader:2060:10)
    at Module.load (node:internal/modules/cjs/loader:1651:32)
    at Module._load (node:internal/modules/cjs/loader:1443:12)
    at wrapModuleLoad (node:internal/modules/cjs/loader:261:19)
    at Module.executeUserEntryPoint [as runMain] (node:internal/modules/run_main:154:5)
    at node:internal/main/run_main_module:33:47 {
  generatedMessage: false,
  code: 'ERR_ASSERTION',
  actual: false,
  expected: true,
  operator: '==',
  diff: 'simple'
}

Node.js v24.20.0
