(node:72227) [DEP0169] DeprecationWarning: `url.parse()` behavior is not standardized and prone to errors that have security implications. Use the WHATWG URL API instead. CVEs are not issued for `url.parse()` vulnerabilities.
(Use `Code --trace-deprecation ...` to show where the warning was created)
[2026-10-03T12:27:33.552Z] installed "Installing extensions...\nExtension 'overseer-0.1.0.vsix' was successfully installed."
[2026-10-03T12:27:36.894Z] PASS Clear prose off and Less tool noise planned without active switch
[2026-10-03T12:27:37.114Z] PASS preview displays contents and does not install
[2026-10-03T12:27:37.436Z] PASS confirmed installation keeps bindings empty
[2026-10-03T12:27:38.468Z] PASS mid-turn disable leaves immutable applied text and shows pending desired change
[2026-10-03T12:27:38.494Z] PASS Overseer has its own binding while the all-agents binding remains disabled
[2026-10-03T12:27:39.090Z] PASS reconnect reads retained bindings without enabling anything new
[2026-10-03T12:27:40.301Z] PASS Overseer Dark at 1440: named controls and no horizontal overflow {"size":{"width":1082,"overflow":false},"audit":{"chars":2539,"dropped":0,"longRuns":[],"overflow":[],"unnamed":[],"sample":"Mods | Refresh | Native configuration is unverified. Global text suppression and dynamic local model delivery are unsupported. Child coverage is unknown. Prose quality is untested. Token savings: not measured. | Library | Mods are optional. Preview and install a pinned version, then choose where to enable it. | Preview local folder… | Preview update from folder… | Clear prose | Concise, complete s","width":1082},"unnamedFields":0}
[2026-10-03T12:27:40.408Z] screenshot docs/verification/evidence/ui/mods/01-mods-overseer-dark-1440.png
[2026-10-03T12:27:41.645Z] PASS Overseer Dark at 640: named controls and no horizontal overflow {"size":{"width":282,"overflow":false},"audit":{"chars":2539,"dropped":0,"longRuns":[],"overflow":[],"unnamed":[],"sample":"Mods | Refresh | Native configuration is unverified. Global text suppression and dynamic local model delivery are unsupported. Child coverage is unknown. Prose quality is untested. Token savings: not measured. | Library | Mods are optional. Preview and install a pinned version, then choose where to enable it. | Preview local folder… | Preview update from folder… | Clear prose | Concise, complete s","width":282},"unnamedFields":0}
[2026-10-03T12:27:41.733Z] screenshot docs/verification/evidence/ui/mods/02-mods-overseer-dark-640.png
[2026-10-03T12:27:43.380Z] PASS Overseer Light at 1440: named controls and no horizontal overflow {"size":{"width":1082,"overflow":false},"audit":{"chars":2539,"dropped":0,"longRuns":[],"overflow":[],"unnamed":[],"sample":"Mods | Refresh | Native configuration is unverified. Global text suppression and dynamic local model delivery are unsupported. Child coverage is unknown. Prose quality is untested. Token savings: not measured. | Library | Mods are optional. Preview and install a pinned version, then choose where to enable it. | Preview local folder… | Preview update from folder… | Clear prose | Concise, complete s","width":1082},"unnamedFields":0}
[2026-10-03T12:27:43.494Z] screenshot docs/verification/evidence/ui/mods/03-mods-overseer-light-1440.png
[2026-10-03T12:27:44.732Z] PASS Overseer Light at 640: named controls and no horizontal overflow {"size":{"width":282,"overflow":false},"audit":{"chars":2539,"dropped":0,"longRuns":[],"overflow":[],"unnamed":[],"sample":"Mods | Refresh | Native configuration is unverified. Global text suppression and dynamic local model delivery are unsupported. Child coverage is unknown. Prose quality is untested. Token savings: not measured. | Library | Mods are optional. Preview and install a pinned version, then choose where to enable it. | Preview local folder… | Preview update from folder… | Clear prose | Concise, complete s","width":282},"unnamedFields":0}
[2026-10-03T12:27:44.822Z] screenshot docs/verification/evidence/ui/mods/04-mods-overseer-light-640.png
[2026-10-03T12:27:46.473Z] PASS Overseer at 1440: named controls and no horizontal overflow {"size":{"width":1082,"overflow":false},"audit":{"chars":2539,"dropped":0,"longRuns":[],"overflow":[],"unnamed":[],"sample":"Mods | Refresh | Native configuration is unverified. Global text suppression and dynamic local model delivery are unsupported. Child coverage is unknown. Prose quality is untested. Token savings: not measured. | Library | Mods are optional. Preview and install a pinned version, then choose where to enable it. | Preview local folder… | Preview update from folder… | Clear prose | Concise, complete s","width":1082},"unnamedFields":0}
[2026-10-03T12:27:46.717Z] screenshot docs/verification/evidence/ui/mods/05-mods-overseer-1440.png
[2026-10-03T12:27:47.953Z] PASS Overseer at 640: named controls and no horizontal overflow {"size":{"width":282,"overflow":false},"audit":{"chars":2539,"dropped":0,"longRuns":[],"overflow":[],"unnamed":[],"sample":"Mods | Refresh | Native configuration is unverified. Global text suppression and dynamic local model delivery are unsupported. Child coverage is unknown. Prose quality is untested. Token savings: not measured. | Library | Mods are optional. Preview and install a pinned version, then choose where to enable it. | Preview local folder… | Preview update from folder… | Clear prose | Concise, complete s","width":282},"unnamedFields":0}
[2026-10-03T12:27:48.087Z] screenshot docs/verification/evidence/ui/mods/06-mods-overseer-640.png
[2026-10-03T12:27:48.251Z] PASS confirmed removal ends bindings and keeps historical snapshot
[2026-10-03T12:27:48.252Z] background window: main-process events [{"ms":223,"what":"window created","show":true}]
SCENARIO PASSED /private/tmp/ovs-ui-N3UM1k
stopped 1 process(es) the scenario left: overseerd-darwin-arm64
