a_closing_audio_runtime_refuses_new_source_admission_before_daemon_exit: test
a_stale_source_revision_cannot_replace_another_clients_selected_folder: test
all_twelve_explicit_previews_use_the_folder_while_audio_stays_off: test
an_older_enable_cannot_publish_runtime_after_a_later_disable: test
common::base32::tests::base32_round_trips_and_matches_rfc_vectors: test
common::noise::tests::a_wrong_pairing_secret_fails_in_the_first_message: test
common::noise::tests::large_messages_are_chunked_and_joined: test
common::noise::tests::noise_vectors_match_the_shared_file: test
complete_folder_selection_stays_off_private_in_place_and_survives_restart: test
daemon_shutdown_reaps_a_decoder_held_during_source_validation_before_exit: test
disable_after_source_switch_cancels_unstarted_preview_and_next_explicit_preview_works: test
disabling_audio_cancels_and_reaps_source_validation_without_changing_selected_folder: test
exited_decoder_with_malformed_stdout_still_refuses_unchanged_source: test
genuinely_failed_decoder_exit_still_refuses_unchanged_source: test
incomplete_unknown_and_wrong_schema_manifests_leave_the_prior_selection_unchanged: test
legacy_private_selection_migrates_unavailable_without_enabling_or_falling_back: test
live_held_decoder_with_injected_unreadable_memory_still_refuses: test
manifest_media_and_duration_limits_refuse_without_committing_selection: test
parent_symlink_and_fifo_refuse_without_committing_selection: test
public_inventory_is_the_exact_twelve_phrases_and_old_keys_are_not_previews: test
removing_the_selected_folder_shows_unavailable_without_switching_to_builtin: test
resolved_permission_after_source_switch_never_reappears_in_new_pack: test
source_change_after_decode_preserves_live_preview_in_new_pack_only: test
source_fields_and_enablement_revision_are_strict_and_never_model_authority: test
successful_decoder_exit_between_wait_and_memory_check_keeps_valid_selection: test
truncated_wav_and_non_decodable_mp3_refuse_without_committing_selection: test
unsafe_manifest_paths_and_non_audio_files_are_refused_without_private_path_errors: test

27 tests, 0 benchmarks
