[2026-09-29T13:16:56.661Z] installed "Installing extensions...\nExtension 'overseer-0.1.0.vsix' was successfully installed."
[2026-09-29T13:17:13.898Z] 1440x900: layout before {"sidebar":true,"panel":true,"auxiliary":false,"sidebarTitle":"Explorer","groups":[{"width":541,"share":0.5,"tabs":["a.txt","b.txt","c.txt"],"active":"c.txt"},{"width":541,"share":0.5,"tabs":["c.txt","d.txt","e.txt","README.md"],"active":"README.md"}]}
[2026-09-29T13:17:13.898Z] PASS 1440x900: the cluttered start: side bar, terminal panel and two editor groups with the owner's tabs {"sidebar":true,"panel":true,"auxiliary":false,"sidebarTitle":"Explorer","groups":[{"width":541,"share":0.5,"tabs":["a.txt","b.txt","c.txt"],"active":"c.txt"},{"width":541,"share":0.5,"tabs":["c.txt","d.txt","e.txt","README.md"],"active":"README.md"}]}
[2026-09-29T13:17:13.964Z] screenshot docs/verification/evidence/ui/workspace/01-cluttered-1440x900.png
[2026-09-29T13:17:13.965Z] PASS 1440x900: the status bar has a Workspace button {"text":"Workspace","x":411.3984375,"y":884}
[2026-09-29T13:17:17.480Z] screenshot docs/verification/evidence/ui/workspace/02-workspace-1440x900.png
[2026-09-29T13:17:17.480Z] PASS 1440x900: one click gives the three-part layout: Overseer's conversation, the agent's review, the agent's chat {"took":1911,"groups":[{"width":380,"share":0.27,"tabs":["Overseer"],"active":"Overseer"},{"width":622,"share":0.45,"tabs":["Review: Live edits (1)"],"active":"Review: Live edits (1)"},{"width":380,"share":0.27,"tabs":["Live edits"],"active":"Live edits"}],"view":{"mode":"composer","composer":true}}
[2026-09-29T13:17:17.480Z] PASS 1440x900: the terminal panel and the owner's tabs are gone; each column is at least 360 px {"panel":false,"ownerTabs":[],"widths":[380,622,380]}
[2026-09-29T13:17:17.480Z] PASS 1440x900: sized for the screen: the side bar gives way at this width; the review is the widest column {"sidebar":false,"title":"","widths":[380,622,380]}
[2026-09-29T13:17:20.493Z] review text (start) {"first":"A\nlive.txt\nUpdating…\n+17\n−0\nSave\n↗\n1\n1\n2\n3\n4\n5\n6\n7\n8\n9\n10\n11\n12\n13\n14\n15\n16\n17\n18\nstep 1\nstep 2\nstep 3\nstep 4\nstep 5\nstep 6\nstep 7\nstep 8\nstep 9\nstep 10\nstep 11\nstep 12\nstep 13\nstep 14\nstep 15\nstep 16\nstep 17","later":"A\nlive.txt\nUpdating…\n+20\n−0\nSave\n↗\n1\n1\n2\n3\n4\n5\n6\n7\n8\n9\n10\n11\n12\n13\n14\n15\n16\n17\n18\n19\n20\n21\nstep 1\nstep 2\nstep 3\nstep 4\nstep 5\nstep 6\nstep 7\nstep 8\nstep 9\nstep 10\nstep 11\nstep 12\nstep 13\nstep 14\nstep 15\nstep 16\nstep 17\nstep 18\nstep 19\nstep 20"}
[2026-09-29T13:17:20.493Z] PASS 1440x900: the review follows the working agent (its file grows while the workspace is open) {"before":17,"after":20}
[2026-09-29T13:17:20.494Z] PASS 1440x900: the button now reads Close Workspace {"text":"Close Workspace","x":429.01171875,"y":884}
[2026-09-29T13:17:20.929Z] screenshot docs/verification/evidence/ui/workspace/03-restored-1440x900.png
[2026-09-29T13:17:20.929Z] PASS 1440x900: closing restores the original layout exactly (parts, groups and sizes, each group's tabs in order and its active tab) {"before":{"sidebar":true,"panel":true,"auxiliary":false,"sidebarTitle":"Explorer","groups":[{"width":541,"share":0.5,"tabs":["a.txt","b.txt","c.txt"],"active":"c.txt"},{"width":541,"share":0.5,"tabs":["c.txt","d.txt","e.txt","README.md"],"active":"README.md"}]},"after":{"sidebar":true,"panel":true,"auxiliary":false,"sidebarTitle":"Explorer","groups":[{"width":541,"share":0.5,"tabs":["a.txt","b.txt","c.txt"],"active":"c.txt"},{"width":541,"share":0.5,"tabs":["c.txt","d.txt","e.txt","README.md"],"active":"README.md"}]}}
[2026-09-29T13:17:22.433Z] 1920x1080: layout before {"sidebar":true,"panel":true,"auxiliary":false,"sidebarTitle":"Explorer","groups":[{"width":781,"share":0.5,"tabs":["a.txt","b.txt","c.txt"],"active":"c.txt"},{"width":781,"share":0.5,"tabs":["c.txt","d.txt","e.txt","README.md"],"active":"README.md"}]}
[2026-09-29T13:17:22.434Z] PASS 1920x1080: the cluttered start: side bar, terminal panel and two editor groups with the owner's tabs {"sidebar":true,"panel":true,"auxiliary":false,"sidebarTitle":"Explorer","groups":[{"width":781,"share":0.5,"tabs":["a.txt","b.txt","c.txt"],"active":"c.txt"},{"width":781,"share":0.5,"tabs":["c.txt","d.txt","e.txt","README.md"],"active":"README.md"}]}
[2026-09-29T13:17:22.521Z] screenshot docs/verification/evidence/ui/workspace/04-cluttered-1920x1080.png
[2026-09-29T13:17:22.521Z] PASS 1920x1080: the status bar has a Workspace button {"text":"Workspace","x":411.3984375,"y":1064}
[2026-09-29T13:17:25.879Z] screenshot docs/verification/evidence/ui/workspace/05-workspace-1920x1080.png
[2026-09-29T13:17:25.879Z] PASS 1920x1080: one click gives the three-part layout: Overseer's conversation, the agent's review, the agent's chat {"took":1701,"groups":[{"width":406,"share":0.26,"tabs":["Overseer"],"active":"Overseer"},{"width":750,"share":0.48,"tabs":["Review: Live edits (1)"],"active":"Review: Live edits (1)"},{"width":406,"share":0.26,"tabs":["Live edits"],"active":"Live edits"}],"view":{"mode":"composer","composer":true}}
[2026-09-29T13:17:25.879Z] PASS 1920x1080: the terminal panel and the owner's tabs are gone; each column is at least 360 px {"panel":false,"ownerTabs":[],"widths":[406,750,406]}
[2026-09-29T13:17:25.879Z] PASS 1920x1080: sized for the screen: the side bar stays (Overseer's agents); the review is the widest column {"sidebar":true,"title":"Overseer","widths":[406,750,406]}
[2026-09-29T13:17:28.896Z] review text (start) {"first":"A\nlive.txt\nUpdating…\n+26\n−0\nSave\n↗\n1\n1\n2\n3\n4\n5\n6\n7\n8\n9\n10\n11\n12\n13\n14\n15\n16\n17\n18\n19\n20\n21\n22\n23\n24\n25\n26\n27\nstep 1\nstep 2\nstep 3\nstep 4\nstep 5\nstep 6\nstep 7\nstep 8\nstep 9\nstep 10\nstep 11\nstep 12\nstep 13\nstep 14\nstep 15\nstep 16\nstep 17\nstep 18\nstep 19\nstep 20\nstep 21\nstep 22\nstep 23\nstep 24\nstep 25\n","later":"A\nlive.txt\n+29\n−0\nSave\n↗\n1\n1\n2\n3\n4\n5\n6\n7\n8\n9\n10\n11\n12\n13\n14\n15\n16\n17\n18\n19\n20\n21\n22\n23\n24\n25\n26\n27\n28\n29\n30\nstep 1\nstep 2\nstep 3\nstep 4\nstep 5\nstep 6\nstep 7\nstep 8\nstep 9\nstep 10\nstep 11\nstep 12\nstep 13\nstep 14\nstep 15\nstep 16\nstep 17\nstep 18\nstep 19\nstep 20\nstep 21\nstep 22\nstep 23\nstep 24\nstep 25\ns"}
[2026-09-29T13:17:28.896Z] PASS 1920x1080: the review follows the working agent (its file grows while the workspace is open) {"before":26,"after":29}
[2026-09-29T13:17:28.896Z] PASS 1920x1080: the button now reads Close Workspace {"text":"Close Workspace","x":429.01171875,"y":1064}
[2026-09-29T13:17:29.335Z] screenshot docs/verification/evidence/ui/workspace/06-restored-1920x1080.png
[2026-09-29T13:17:29.335Z] PASS 1920x1080: closing restores the original layout exactly (parts, groups and sizes, each group's tabs in order and its active tab) {"before":{"sidebar":true,"panel":true,"auxiliary":false,"sidebarTitle":"Explorer","groups":[{"width":781,"share":0.5,"tabs":["a.txt","b.txt","c.txt"],"active":"c.txt"},{"width":781,"share":0.5,"tabs":["c.txt","d.txt","e.txt","README.md"],"active":"README.md"}]},"after":{"sidebar":true,"panel":true,"auxiliary":false,"sidebarTitle":"Explorer","groups":[{"width":781,"share":0.5,"tabs":["a.txt","b.txt","c.txt"],"active":"c.txt"},{"width":781,"share":0.5,"tabs":["c.txt","d.txt","e.txt","README.md"],"active":"README.md"}]}}
[2026-09-29T13:17:37.976Z] PASS Overseer: Open Workspace from the palette opens it and running it again closes it {"viaPalette":["Overseer","Review: Live edits (1)","Live edits"],"back":["c.txt","README.md"]}
[2026-09-29T13:17:37.976Z] PASS no setting changed (apart from VS Code's own migration)
