Measuring on android (emulator-5554), 20 cold starts, 2026-09-28T12:04:43.359Z
Load average (1, 5, 15 min) at the start: 3.4 4.3 4.7
Cold starts with the door and without it (turned off by the test setting), in turn; the door opens in 1000 ms:
  warm-up launch (not counted): first screen 254.4 ms, interactive 283.4 ms, door shown 254.4 ms, opening 1039.1 ms, dropped 0
  launch 1 with the door: first screen 247.9 ms, interactive 261 ms, door shown 248 ms, opening 1034.1 ms, dropped 0
  launch 1 without the door: first screen 259.7 ms, interactive 292.5 ms, door shown NaN ms, opening NaN ms, dropped n/a
  launch 2 with the door: first screen 242.4 ms, interactive 257.9 ms, door shown 242.5 ms, opening 1033.9 ms, dropped 0
  launch 2 without the door: first screen 245.5 ms, interactive 270.5 ms, door shown NaN ms, opening NaN ms, dropped n/a
  launch 3 with the door: first screen 244.2 ms, interactive 257.3 ms, door shown 244.2 ms, opening 1036.9 ms, dropped 0
  launch 3 without the door: first screen 251.1 ms, interactive 282.4 ms, door shown NaN ms, opening NaN ms, dropped n/a
  launch 4 with the door: first screen 262 ms, interactive 321.1 ms, door shown 262.1 ms, opening 1029.9 ms, dropped 0
  launch 4 without the door: first screen 255.4 ms, interactive 272.7 ms, door shown NaN ms, opening NaN ms, dropped n/a
  launch 5 with the door: first screen 249.8 ms, interactive 290.2 ms, door shown 249.9 ms, opening 1019.3 ms, dropped 0
  launch 5 without the door: first screen 241.5 ms, interactive 269.5 ms, door shown NaN ms, opening NaN ms, dropped n/a
  launch 6 with the door: first screen 244.4 ms, interactive 277.7 ms, door shown 244.5 ms, opening 1038.1 ms, dropped 0
  launch 6 without the door: first screen 250.4 ms, interactive 285.1 ms, door shown NaN ms, opening NaN ms, dropped n/a
  launch 7 with the door: first screen 241.8 ms, interactive 258.6 ms, door shown 241.8 ms, opening 1033 ms, dropped 0
  launch 7 without the door: first screen 247.5 ms, interactive 279.7 ms, door shown NaN ms, opening NaN ms, dropped n/a
  launch 8 with the door: first screen 259.9 ms, interactive 295.1 ms, door shown 260 ms, opening 1025.9 ms, dropped 0
  launch 8 without the door: first screen 243.1 ms, interactive 257.4 ms, door shown NaN ms, opening NaN ms, dropped n/a
  launch 9 with the door: first screen 244.1 ms, interactive 284.9 ms, door shown 244.1 ms, opening 1021.6 ms, dropped 0
  launch 9 without the door: first screen 239.9 ms, interactive 263.7 ms, door shown NaN ms, opening NaN ms, dropped n/a
  launch 10 with the door: first screen 242 ms, interactive 300.8 ms, door shown 242.1 ms, opening 1021.8 ms, dropped 0
  launch 10 without the door: first screen 249.4 ms, interactive 274 ms, door shown NaN ms, opening NaN ms, dropped n/a
  launch 11 with the door: first screen 253.8 ms, interactive 318.5 ms, door shown 253.9 ms, opening 1027.4 ms, dropped 0
  launch 11 without the door: first screen 238 ms, interactive 269.4 ms, door shown NaN ms, opening NaN ms, dropped n/a
  launch 12 with the door: first screen 243.2 ms, interactive 258 ms, door shown 243.3 ms, opening 1032.8 ms, dropped 0
  launch 12 without the door: first screen 243.2 ms, interactive 255.6 ms, door shown NaN ms, opening NaN ms, dropped n/a
  launch 13 with the door: first screen 241.5 ms, interactive 268.3 ms, door shown 241.5 ms, opening 1027.5 ms, dropped 0
  launch 13 without the door: first screen 244 ms, interactive 269.1 ms, door shown NaN ms, opening NaN ms, dropped n/a
  launch 14 with the door: first screen 265.5 ms, interactive 310.6 ms, door shown 265.6 ms, opening 1017.4 ms, dropped 0
  launch 14 without the door: first screen 260.5 ms, interactive 276.8 ms, door shown NaN ms, opening NaN ms, dropped n/a
  launch 15 with the door: first screen 265.8 ms, interactive 301.3 ms, door shown 265.9 ms, opening 1025.1 ms, dropped 0
  launch 15 without the door: first screen 248.4 ms, interactive 275.1 ms, door shown NaN ms, opening NaN ms, dropped n/a
  launch 16 with the door: first screen 258.2 ms, interactive 282.3 ms, door shown 258.2 ms, opening 1029 ms, dropped 0
  launch 16 without the door: first screen 238.1 ms, interactive 269.2 ms, door shown NaN ms, opening NaN ms, dropped n/a
  launch 17 with the door: first screen 245.9 ms, interactive 287.7 ms, door shown 246 ms, opening 1019.1 ms, dropped 0
  launch 17 without the door: first screen 240.8 ms, interactive 269.3 ms, door shown NaN ms, opening NaN ms, dropped n/a
  launch 18 with the door: first screen 247.4 ms, interactive 293.1 ms, door shown 247.5 ms, opening 1017.9 ms, dropped 0
  launch 18 without the door: first screen 239.6 ms, interactive 267.3 ms, door shown NaN ms, opening NaN ms, dropped n/a
  launch 19 with the door: first screen 253.1 ms, interactive 286.4 ms, door shown 253.2 ms, opening 1045.5 ms, dropped 0
  launch 19 without the door: first screen 237.4 ms, interactive 265.1 ms, door shown NaN ms, opening NaN ms, dropped n/a
  launch 20 with the door: first screen 246.5 ms, interactive 262.5 ms, door shown 246.5 ms, opening 1034.8 ms, dropped 0
  launch 20 without the door: first screen 243.8 ms, interactive 266.5 ms, door shown NaN ms, opening NaN ms, dropped n/a
Load average (1, 5, 15 min) at the end: 3.5 3.7 4.3

ok   every launch reaches the agents list: 20 (limit 20)
ok   launches that showed pairing or any other question, of 40: 0 (limit 0)
ok   agents list interactive, p95 (ms): 318.5 (limit 2000)
ok   the door is on screen with the first screen or before it, worst launch (ms after the first screen): 0.1 (limit 17) — 20 of 20 launches marked both
ok   the door opens in 1000 ms within 60 ms, shortest (ms): 1017.4 (limit 940)
ok   the door opens in 1000 ms within 60 ms, longest (ms): 1045.5 (limit 1060)
ok   frames dropped while the door opens, all launches (%): the emulator's own figure, its baseline: 0 (limit —) — 0 of 1210 frames; worst launch 0% (0 of 60 frames); the 1% display budget is the owner's iPhone's
ok   the door makes the first screen no later, median (ms): 284.9 (limit 316.3) — without the door 269.4 ms
Baseline of android written to e2e/baselines.json
