nice: setpriority: Operation not permitted
PASS desired differs from last accepted turn without claiming application
PASS unsupported decisions and next-thread changes stay explicit
PASS library copy distinguishes installed from enabled and makes no savings claim
PASS HTML and links reject active content
PASS preview installs only after confirmation and never binds
FAIL update commits the confirmed preview through the declared install method Expected values to be strictly deep-equal:
+ actual - expected
... Skipped lines

  [
    {
      method: 'mods.preview',
      params: {
        operation: 'update',
...
    {
+     method: 'mods.update',
-     method: 'mods.install',
      params: {
        confirm: true,
        preview_id: 'preview1'
      }
    }

PASS stale UI revision is refused rather than silently rebased
PASS untrusted workspace refuses forged mutation messages before RPC
PASS disconnect invalidates preview and reconnect reads authoritative state
PASS cancelled confirmation releases the webview loading state
PASS removal confirmation carries displayed revision and preserves scope until accepted
PASS binding edits preserve owner filters and locks; unbind removes override
PASS unsafe external links never reach VS Code opener
PASS a run without a snapshot never claims matching delivery
PASS prepared and uncertain snapshots never read as accepted delivery
14/15 Mods checks passed
