ok     account-shown.js
ok     auto-usage.js
ok     continuity.js
ok     dev-pin.js
ok     landing-text.js
ok     layout.js
ok     line-diff.js
ok     looking.js
ok     mods-panel.js
ok     mods.js
ok     notices.js
ok     notifier-click.js
ok     on-screen.js
ok     one-name.js
ok     phone-access.js
ok     plain-words.js
ok     production-guard.js
ok     queue-pause.js
ok     quiet-launch.js
ok     ref-phone.js
ok     repo-picker.js
ok     rollup.js
ok     swarm-controls.js
ok     swarm-start.js
ok     swarm-view.js
ok     task-launcher-auto.js
ok     theme-contrast.js
ok     unfinished-features.js
ok     voice-mark.js
ok     webview-scripts.js
30 of 30 passed
