[2026-09-28T16:21:15.244Z] PASS the brand files exist in each size (app icon 128-1024 and macOS 1024, logo 64-256, flat 32-128) with the single-colour SVG {"overseer-app-icon-128":"128x128","overseer-app-icon-256":"256x256","overseer-app-icon-512":"512x512","overseer-app-icon-1024":"1024x1024","overseer-logo-64":"64x64","overseer-logo-128":"128x128","overseer-logo-256":"256x256","overseer-icon-flat-32":"32x32","overseer-icon-flat-64":"64x64","overseer-icon-flat-128":"128x128","overseer-app-icon-macos-1024":"1024x1024"}
[2026-09-28T16:21:15.246Z] PASS extension/media/overseer.svg (the activity bar icon) is the single-colour mark
[2026-09-28T16:21:15.293Z] PASS the VSIX declares the owner's app icon at 256 px as its Marketplace icon {"icon":"media/overseer-app-icon.png","size":"256x256","evidence":"docs/verification/evidence/ui/brand/vsix-marketplace-icon.png"}
[2026-09-28T16:21:15.449Z] PASS a search of the repository finds no other Overseer logo (the old eye glyph) {"files":854,"hits":[],"oldFilesPresent":[]}
[2026-09-28T16:21:16.230Z] installed "Installing extensions...\nExtension 'overseer-0.1.0.vsix' was successfully installed."
[2026-09-28T16:21:16.434Z] PASS the installed notification helper's icon is the owner's app icon (every macOS size, violet tile) {"reps":["icon_128x128.png","icon_128x128@2x.png","icon_16x16.png","icon_16x16@2x.png","icon_256x256.png","icon_256x256@2x.png","icon_32x32.png","icon_32x32@2x.png","icon_512x512.png","icon_512x512@2x.png"],"sample":[49,34,101],"evidence":"docs/verification/evidence/ui/brand/notifier-app-icon.png"}
[2026-09-28T16:21:23.701Z] screenshot docs/verification/evidence/ui/brand/01-activity-bar-overseer-dark.png
[2026-09-28T16:21:23.732Z] screenshot docs/verification/evidence/ui/brand/02-status-bar-overseer-dark.png
[2026-09-28T16:21:23.753Z] screenshot docs/verification/evidence/ui/brand/03-tab-overseer-dark.png
[2026-09-28T16:21:26.239Z] screenshot docs/verification/evidence/ui/brand/04-composer-heading-overseer-dark.png
[2026-09-28T16:21:26.304Z] screenshot docs/verification/evidence/ui/brand/05-window-overseer-dark.png
[2026-09-28T16:21:28.325Z] screenshot docs/verification/evidence/ui/brand/06-activity-bar-overseer-light.png
[2026-09-28T16:21:28.350Z] screenshot docs/verification/evidence/ui/brand/07-status-bar-overseer-light.png
[2026-09-28T16:21:28.375Z] screenshot docs/verification/evidence/ui/brand/08-tab-overseer-light.png
[2026-09-28T16:21:30.859Z] screenshot docs/verification/evidence/ui/brand/09-composer-heading-overseer-light.png
[2026-09-28T16:21:30.918Z] screenshot docs/verification/evidence/ui/brand/10-window-overseer-light.png
[2026-09-28T16:21:32.941Z] screenshot docs/verification/evidence/ui/brand/11-activity-bar-high-contrast.png
[2026-09-28T16:21:32.967Z] screenshot docs/verification/evidence/ui/brand/12-status-bar-high-contrast.png
[2026-09-28T16:21:32.992Z] screenshot docs/verification/evidence/ui/brand/13-tab-high-contrast.png
[2026-09-28T16:21:35.459Z] screenshot docs/verification/evidence/ui/brand/14-composer-heading-high-contrast.png
[2026-09-28T16:21:35.509Z] screenshot docs/verification/evidence/ui/brand/15-window-high-contrast.png
[2026-09-28T16:21:37.533Z] screenshot docs/verification/evidence/ui/brand/16-activity-bar-overseer.png
[2026-09-28T16:21:37.550Z] screenshot docs/verification/evidence/ui/brand/17-status-bar-overseer.png
[2026-09-28T16:21:37.576Z] screenshot docs/verification/evidence/ui/brand/18-tab-overseer.png
[2026-09-28T16:21:40.087Z] screenshot docs/verification/evidence/ui/brand/19-composer-heading-overseer.png
[2026-09-28T16:21:40.278Z] screenshot docs/verification/evidence/ui/brand/20-window-overseer.png
[2026-09-28T16:21:40.278Z] PASS activity bar: the Overseer icon is the single-colour mark (overseer.svg), in Overseer Dark, Overseer Light, High Contrast and Overseer {"Overseer Dark":{"mask":"overseer.svg","tint":"rgb(167, 163, 185)","rect":{"x":4,"y":211,"width":44,"height":132}},"Overseer Light":{"mask":"overseer.svg","tint":"rgb(92, 87, 111)","rect":{"x":4,"y":211,"width":44,"height":132}},"Default High Contrast":{"mask":"overseer.svg","tint":"rgb(255, 255, 255)","rect":{"x":5,"y":212,"width":44,"height":132}},"Overseer":{"mask":"overseer.svg","tint":"rgb(170, 165, 203)","rect":{"x":4,"y":211,"width":44,"height":132}}}
[2026-09-28T16:21:40.278Z] PASS status bar: "Overseer N active" leads with the mark from the contributed icon font, not the eye {"Overseer Dark":{"glyph":true,"content":"\"\"","font":"\"beelol.overseer/media/overseer-mark.woff\"","eye":false,"rect":{"x":120.40625,"y":872,"width":134.984375,"height":24}},"Overseer Light":{"glyph":true,"content":"\"\"","font":"\"beelol.overseer/media/overseer-mark.woff\"","eye":false,"rect":{"x":120.40625,"y":872,"width":134.984375,"height":24}},"Default High Contrast":{"glyph":true,"content":"\"\"","font":"\"beelol.overseer/media/overseer-mark.woff\"","eye":false,"rect":{"x":121.40625,"y":873,"width":134.984375,"height":24}},"Overseer":{"glyph":true,"content":"\"\"","font":"\"beelol.overseer/media/overseer-mark.woff\"","eye":false,"rect":{"x":120.40625,"y":872,"width":134.984375,"height":24}}}
[2026-09-28T16:21:40.278Z] PASS the Overseer view's tab shows the full-colour mark (overseer-logo.png) {"Overseer Dark":{"label":"Overseer","image":"overseer-logo.png","rect":{"x":353,"y":36,"width":116.078125,"height":32}},"Overseer Light":{"label":"Overseer","image":"overseer-logo.png","rect":{"x":353,"y":36,"width":116.078125,"height":32}},"Default High Contrast":{"label":"Overseer","image":"overseer-logo.png","rect":{"x":354,"y":37,"width":116.078125,"height":32}},"Overseer":{"label":"Overseer","image":"overseer-logo.png","rect":{"x":353,"y":36,"width":116.078125,"height":32}}}
[2026-09-28T16:21:40.278Z] PASS the composer's "What's next?" heading shows the full-colour mark, loaded within the webview's Content-Security-Policy {"Overseer Dark":{"cls":"overseer-mark xl hero-mark","label":"Overseer","image":"overseer-logo.png","loaded":"128x128","size":48,"svg":false,"eye":false},"Overseer Light":{"cls":"overseer-mark xl hero-mark","label":"Overseer","image":"overseer-logo.png","loaded":"128x128","size":48,"svg":false,"eye":false},"Default High Contrast":{"cls":"overseer-mark xl hero-mark","label":"Overseer","image":"overseer-logo.png","loaded":"128x128","size":48,"svg":false,"eye":false},"Overseer":{"cls":"overseer-mark xl hero-mark","label":"Overseer","image":"overseer-logo.png","loaded":"128x128","size":48,"svg":false,"eye":false}}
