[2026-09-27T00:41:36.758Z] installed "Installing extensions...\nExtension 'overseer-0.1.0.vsix' was successfully installed."
[2026-09-27T00:41:41.101Z] runs {"r1":"r-540eb42c84a1","r2":"r-613c97109416","r3":"r-1f415bb9391e","ws1":"/private/tmp/ovs-ui-KWvxSY/overseer-home/worktrees/repoA-d23a655d/r1-long-review","ws2":"/private/tmp/ovs-ui-KWvxSY/overseer-home/worktrees/repoB-002c33ee/r2-other-repo","ws3":"/private/tmp/ovs-ui-KWvxSY/overseer-home/worktrees/repoA-d23a655d/r3-removed-later"}
[2026-09-27T00:41:58.302Z] before {"reviewTop":1200,"comparison":"Since task start","chatY":400,"repoB":{"selected":false,"expanded":"false"},"tabs":["Review: R1 long review (2), Editor Group 1","Overseer, Editor Group 2","R2 other repo, Editor Group 2","R3 removed later, Editor Group 2"]}
[2026-09-27T00:41:58.387Z] screenshot docs/verification/evidence/ui/restore/01-before-reload.png
[2026-09-27T00:42:10.348Z] PASS after-reload: the review and the two side chats reopened ["Review: R1 long review (2), Editor Group 1","Overseer, Editor Group 2","R2 other repo, Editor Group 2","R3 removed later, Editor Group 2"]
[2026-09-27T00:42:10.348Z] PASS after-reload: one Overseer view (no second copy) ["Review: R1 long review (2), Editor Group 1","Overseer, Editor Group 2","R2 other repo, Editor Group 2","R3 removed later, Editor Group 2"]
[2026-09-27T00:42:11.151Z] PASS after-reload: the selected agent and the collapsed repository restored in the side bar {"r1":{"selected":true,"expanded":null},"repoB":{"selected":false,"expanded":"false"}}
[2026-09-27T00:42:13.970Z] PASS after-reload: review comparison restored "Since task start"
[2026-09-27T00:42:13.970Z] PASS after-reload: review scroll position restored {"before":1200,"after":1200}
[2026-09-27T00:42:13.970Z] PASS after-reload: Follow restored paused, not auto-resumed "paused"
[2026-09-27T00:42:16.490Z] PASS after-reload: chat scroll position and unsent draft restored {"before":400,"after":{"y":400,"draft":"unsent follow-up draft"}}
[2026-09-27T00:42:17.803Z] PASS after-reload: a side chat for a run in another repository (not open in the window) restored
[2026-09-27T00:42:17.812Z] PASS after-reload: active run kept running "running"
[2026-09-27T00:42:17.892Z] screenshot docs/verification/evidence/ui/restore/02-after-reload.png
[2026-09-27T00:42:17.952Z] PASS R3 worktree removed before restart "/private/tmp/ovs-ui-KWvxSY/overseer-home/worktrees/repoA-d23a655d/r3-removed-later"
[2026-09-27T00:42:28.716Z] PASS after-restart: the review and the two side chats reopened ["Review: R1 long review (2), Editor Group 1","Overseer, Editor Group 2","R2 other repo, Editor Group 2","R3 removed later, Editor Group 2"]
[2026-09-27T00:42:28.716Z] PASS after-restart: one Overseer view (no second copy) ["Review: R1 long review (2), Editor Group 1","Overseer, Editor Group 2","R2 other repo, Editor Group 2","R3 removed later, Editor Group 2"]
[2026-09-27T00:42:30.431Z] PASS after-restart: the selected agent and the collapsed repository restored in the side bar {"r1":{"selected":true,"expanded":null},"repoB":{"selected":false,"expanded":"false"}}
[2026-09-27T00:42:33.246Z] PASS after-restart: review comparison restored "Since task start"
[2026-09-27T00:42:33.246Z] PASS after-restart: review scroll position restored {"before":1200,"after":1200}
[2026-09-27T00:42:33.246Z] PASS after-restart: Follow restored paused, not auto-resumed "paused"
[2026-09-27T00:42:35.756Z] PASS after-restart: chat scroll position and unsent draft restored {"before":400,"after":{"y":400,"draft":"unsent follow-up draft"}}
[2026-09-27T00:42:37.064Z] PASS after-restart: a side chat for a run in another repository (not open in the window) restored
[2026-09-27T00:42:37.071Z] PASS after-restart: active run kept running "running"
[2026-09-27T00:42:37.164Z] screenshot docs/verification/evidence/ui/restore/03-after-restart.png
[2026-09-27T00:42:43.103Z] screenshot docs/verification/evidence/ui/restore/04-removed-explained.png
[2026-09-27T00:42:43.103Z] PASS removed worktree is explained instead of failing (its chat keeps its history) {"side3":1,"text":"Overseer: The worktree for \"R3 removed later\" (/private/tmp/ovs-ui-KWvxSY/overseer-home/worktrees/repoA-d23a655d/r3-removed-later) was removed on 9/26/2026, 5:42:17 PM. Its branch overseer/r3-removed-later was kept, so the commits are still in the repository. The run panel still has its history."}
