[2026-10-01T00:15:52.370Z] installed "Installing extensions...\nExtension 'overseer-0.1.0.vsix' was successfully installed."
[2026-10-01T00:15:56.684Z] PASS fixture: turn 1 committed one.txt, turn 2 left two.txt untracked, main moved on "?? two.txt"
[2026-10-01T00:16:00.351Z] screenshot docs/verification/evidence/ui/review-compare/01-worktree-since-task-start.png
[2026-10-01T00:16:00.367Z] PASS a finished agent in its own worktree: the review opens on Since task start (one.txt and two.txt, 2 files) {"files":["one.txt","two.txt"],"count":"2","total":"2 files","label":"Since task start","pressed":["Since task start"],"pressedName":["Since task start"],"note":"","buttons":["Since task start","Latest run","Entire worktree"],"more":"More…"}
[2026-10-01T00:16:00.367Z] PASS the header names it: Since task start pressed, Latest run and Entire worktree one click away, no folder note {"files":["one.txt","two.txt"],"count":"2","total":"2 files","label":"Since task start","pressed":["Since task start"],"pressedName":["Since task start"],"note":"","buttons":["Since task start","Latest run","Entire worktree"],"more":"More…"}
[2026-10-01T00:16:01.216Z] screenshot docs/verification/evidence/ui/review-compare/02-worktree-latest-run.png
[2026-10-01T00:16:01.235Z] PASS one click: Latest run (two.txt, 1 file), named in the header {"files":["two.txt"],"count":"1","total":"1 file","label":"Latest run","pressed":["Latest run"],"pressedName":["Latest run"],"note":"","buttons":["Since task start","Latest run","Entire worktree"],"more":"More…"}
[2026-10-01T00:16:02.089Z] screenshot docs/verification/evidence/ui/review-compare/03-worktree-entire-worktree.png
[2026-10-01T00:16:02.108Z] PASS one click: Entire worktree (the branch against where it started: one.txt and two.txt, not main's later commit), named in the header {"files":["one.txt","two.txt"],"count":"2","total":"2 files","label":"Entire worktree","pressed":["Entire worktree"],"pressedName":["Entire worktree"],"note":"","buttons":["Since task start","Latest run","Entire worktree"],"more":"More…"}
[2026-10-01T00:16:02.716Z] PASS one click back to Since task start {"files":["one.txt","two.txt"],"count":"2","total":"2 files","label":"Since task start","pressed":["Since task start"],"pressedName":["Since task start"],"note":"","buttons":["Since task start","Latest run","Entire worktree"],"more":"More…"}
[2026-10-01T00:16:07.058Z] screenshot docs/verification/evidence/ui/review-compare/04-checkout-since-task-start.png
[2026-10-01T00:16:07.096Z] PASS a finished agent in the owner's checkout: the review opens on Since task start (c1, c2 and the owner's edit between turns; not the edit before the task) {"files":["c1.txt","c2.txt","owner.txt"],"count":"3","total":"3 files","label":"Since task start","pressed":["Since task start"],"pressedName":["Since task start (includes any edits made in this folder)"],"note":"(includes any edits made in this folder)","buttons":["Since task start","Latest run","Entire worktree"],"more":"More…"}
[2026-10-01T00:16:07.096Z] PASS the header says it includes any edits made in this folder {"files":["c1.txt","c2.txt","owner.txt"],"count":"3","total":"3 files","label":"Since task start","pressed":["Since task start"],"pressedName":["Since task start (includes any edits made in this folder)"],"note":"(includes any edits made in this folder)","buttons":["Since task start","Latest run","Entire worktree"],"more":"More…"}
[2026-10-01T00:16:07.949Z] screenshot docs/verification/evidence/ui/review-compare/05-checkout-latest-run.png
[2026-10-01T00:16:07.977Z] PASS one click: Latest run (c2.txt, 1 file), named in the header {"files":["c2.txt"],"count":"1","total":"1 file","label":"Latest run","pressed":["Latest run"],"pressedName":["Latest run (includes any edits made in this folder)"],"note":"(includes any edits made in this folder)","buttons":["Since task start","Latest run","Entire worktree"],"more":"More…"}
[2026-10-01T00:16:09.041Z] screenshot docs/verification/evidence/ui/review-compare/06-checkout-entire-worktree.png
[2026-10-01T00:16:09.091Z] PASS one click: Entire worktree (the feature branch against main: a.txt, c1, c2, feature.txt, owner.txt, 5 files), named in the header {"files":["a.txt","c1.txt","c2.txt","feature.txt","owner.txt"],"count":"5","total":"5 files","label":"Entire worktree","pressed":["Entire worktree"],"pressedName":["Entire worktree (includes any edits made in this folder)"],"note":"(includes any edits made in this folder)","buttons":["Since task start","Latest run","Entire worktree"],"more":"More…"}
[2026-10-01T00:16:11.822Z] PASS each agent keeps its own choice (the worktree agent is still on Since task start) {"files":["one.txt","two.txt"],"count":"2","total":"2 files","label":"Since task start","pressed":["Since task start"],"pressedName":["Since task start"],"note":"","buttons":["Since task start","Latest run","Entire worktree"],"more":"More…"}
[2026-10-01T00:16:15.339Z] PASS each file offers Accept file and Reject file, each change Accept and Reject; no Keep, Undo or Save before typing {"load":"rendered","hunks":2,"accepted":0,"accept":"Accept file","acceptPressed":"false","reject":"Reject file","rejectDisabled":false,"save":null,"hunkWords":[["Accept","Reject"],["Accept","Reject"]],"notice":""}
[2026-10-01T00:16:16.996Z] screenshot docs/verification/evidence/ui/review-compare/07-narrow-card-icons.png
[2026-10-01T00:16:17.201Z] screenshot docs/verification/evidence/ui/review-compare/08-narrow-card-icons-closeup.png
[2026-10-01T00:16:17.257Z] PASS a narrow card: Accept file and Reject file are a solid check in the accept colour and an X in the reject colour, words in tooltip and label; each change keeps its words {"card":269,"accept":{"word":"","label":"Accept every change to a.txt","title":"Accept file: every change the agent made to a.txt stays and is marked accepted (nothing is committed or staged)","stroke":"rgb(76, 195, 138)","opacity":1,"size":16,"visible":true},"reject":{"word":"","label":"Reject every change to a.txt","title":"Reject file: take out every change the agent made to a.txt and put back what was there before","stroke":"rgb(240, 112, 123)","opacity":1,"size":16,"visible":true},"done":"rgb(76, 195, 138)","removed":"rgb(240, 112, 123)","hunkWords":[["Accept","Reject"],["Accept","Reject"]]}
[2026-10-01T00:16:19.844Z] screenshot docs/verification/evidence/ui/review-compare/09-change-accepted.png
[2026-10-01T00:16:19.917Z] PASS a change accepted reads Accepted; the file on disk keeps the agent's line {"load":"rendered","hunks":2,"accepted":1,"accept":"Accept file","acceptPressed":"false","reject":"Reject file","rejectDisabled":false,"save":null,"hunkWords":[["Accepted","Reject"],["Accept","Reject"]],"notice":""}
[2026-10-01T00:16:21.110Z] screenshot docs/verification/evidence/ui/review-compare/10-change-rejected.png
[2026-10-01T00:16:21.168Z] PASS a change rejected: the line is back on disk, the review says Rejected, and "Save your edits" does not appear {"afterReject":{"load":"rendered","hunks":1,"accepted":1,"accept":"Accepted","acceptPressed":"true","reject":"Reject file","rejectDisabled":false,"save":null,"hunkWords":[["Accepted","Reject"]],"notice":"Rejected: the agent's change at lines 100–100 of a.txt was taken out."},"l100":"L100: original"}
[2026-10-01T00:16:22.140Z] screenshot docs/verification/evidence/ui/review-compare/11-file-accepted.png
[2026-10-01T00:16:22.197Z] PASS a whole file accepted: every change reads Accepted and the file's button reads Accepted {"load":"rendered","hunks":2,"accepted":2,"accept":"Accepted","acceptPressed":"true","reject":"Reject file","rejectDisabled":false,"save":null,"hunkWords":[["Accepted","Reject"],["Accepted","Reject"]],"notice":"Rejected: the agent's change at lines 100–100 of a.txt was taken out."}
[2026-10-01T00:16:23.140Z] screenshot docs/verification/evidence/ui/review-compare/12-file-rejected.png
[2026-10-01T00:16:23.209Z] PASS a whole file rejected: b.txt is as it was before the agent, leaves the review, and the review says Rejected {"notice":"Rejected: the agent's changes to b.txt were taken out.","count":"1","saves":0,"same":true}
[2026-10-01T00:16:24.909Z] screenshot docs/verification/evidence/ui/review-compare/13-save-your-edits.png
[2026-10-01T00:16:24.996Z] PASS "Save your edits" appears once the owner types "Save your edits"
[2026-10-01T00:16:25.907Z] PASS Save your edits writes what was typed, then goes away {"l10":"L10: agent edit OWNER-TYPED","hiddenAgain":true}
