[2026-09-28T16:31:19.404Z] PASS the pairing panel and phone access sources use theme tokens only (no colours of their own) {"files":4,"hits":[],"foreign":[]}
[2026-09-28T16:31:21.080Z] installed "Installing extensions...\nExtension 'overseer-0.1.0.vsix' was successfully installed."
[2026-09-28T16:31:23.959Z] PASS 1. the status bar says "Phone access off", with a phone icon and an accessible name {"text":"Phone access off","aria":"Phone access off","icon":"device-mobile","x":395.08203125,"y":884,"background":"rgba(0, 0, 0, 0)","color":"rgb(167, 163, 185)","otherColor":"rgb(167, 163, 185)","otherBackground":"rgba(0, 0, 0, 0)","afterOverseer":true,"classes":"statusbar-item left has-command"}
[2026-09-28T16:31:23.959Z] PASS 1. off is quiet: the item has no colour of its own (same colours as the Overseer item beside it) {"text":"Phone access off","aria":"Phone access off","icon":"device-mobile","x":395.08203125,"y":884,"background":"rgba(0, 0, 0, 0)","color":"rgb(167, 163, 185)","otherColor":"rgb(167, 163, 185)","otherBackground":"rgba(0, 0, 0, 0)","afterOverseer":true,"classes":"statusbar-item left has-command"}
[2026-09-28T16:31:23.960Z] PASS 1. phone access is off in the daemon and nothing listens on its port {"enabled":false,"port":null,"configured":50648,"refused":true}
[2026-09-28T16:31:24.015Z] screenshot docs/verification/evidence/ui/phone-access/01-status-bar-off.png
[2026-09-28T16:31:24.169Z] screenshot docs/verification/evidence/ui/phone-access/02-status-bar-menu-off.png
[2026-09-28T16:31:24.635Z] PASS 1. clicking it offers Turn On, Pair a Phone, Show Devices and the notifications switch (not Turn Off) ["device-mobile  Turn On Phone Access, Let paired phones connect to this Mac.","add  Pair a Phone…, Turns phone access on first.","list-unordered  Show Devices, No phone is paired yet.","bell-slash  Turn Off Notifications to Phones, Phones are told when an agent needs you."]
[2026-09-28T16:31:25.598Z] PASS 2. Turn On Phone Access from the command palette: the status bar says "Phone access on" {"text":"Phone access on","aria":"Phone access on, no phone connected","icon":"device-mobile","x":394.2421875,"y":884,"background":"rgba(0, 0, 0, 0)","color":"rgb(167, 163, 185)","otherColor":"rgb(167, 163, 185)","otherBackground":"rgba(0, 0, 0, 0)","afterOverseer":true,"classes":"statusbar-item left has-command"}
[2026-09-28T16:31:25.598Z] PASS 2. the daemon says phone access is on, and its port listens {"enabled":true,"port":50648}
[2026-09-28T16:31:25.598Z] PASS 2. on has no colour of its own either {"text":"Phone access on","aria":"Phone access on, no phone connected","icon":"device-mobile","x":394.2421875,"y":884,"background":"rgba(0, 0, 0, 0)","color":"rgb(167, 163, 185)","otherColor":"rgb(167, 163, 185)","otherBackground":"rgba(0, 0, 0, 0)","afterOverseer":true,"classes":"statusbar-item left has-command"}
[2026-09-28T16:31:25.634Z] screenshot docs/verification/evidence/ui/phone-access/03-status-bar-on.png
[2026-09-28T16:31:26.183Z] PASS 2. now the menu offers Turn Off, and no longer Turn On ["add  Pair a Phone…, Show a code to scan or type on the phone.","list-unordered  Show Devices, No phone is paired yet.","bell-slash  Turn Off Notifications to Phones, Phones are told when an agent needs you.","circle-slash  Turn Off Phone Access, No phone can connect."]
[2026-09-28T16:31:27.133Z] PASS 3. Pair a Phone shows the code as text: it starts with OVSR1-, names this Mac's key and port {"code":"OVSR1-AG5EXTQZ5N6N4PVANAQQLKKE6UNA6ELUZCUKKNPWA3NGUUDJL26XPGPNHRNRSSZT4PCEOIU5NI5BIGOF3ABAWMJXGIXDEMBOGEYC4MYJGEZDOLRQFYYC4MI","port":50648,"addresses":["172.20.10.3","127.0.0.1"],"key":"1e6beb525f4bcc5a"}
[2026-09-28T16:31:27.133Z] PASS 3. the text is the code, character for character, in groups for the eye, and can be selected {"groups":31,"selectable":"all"}
[2026-09-28T16:31:27.135Z] PASS 3. the QR code drawn in the panel reads back as exactly the code shown as text {"version":8,"level":"M","mask":4,"modules":49,"quiet":4}
[2026-09-28T16:31:27.135Z] PASS 3. the panel shows the Mac's name, three numbered steps, the time left and a Copy button {"mac":"With MacBook-Pro","steps":["Open Overseer on your phone.","Scan this code, or type it.","Confirm the phone here, on this Mac."],"left":"Works once, for 0:45 more.","copy":{"text":"Copy","name":"Copy"},"qr":{"w":264,"h":264,"shown":true}}
[2026-09-28T16:31:29.237Z] PASS 3. the time left counts down {"first":"Works once, for 0:45 more.","later":"Works once, for 0:43 more."}
[2026-09-28T16:31:29.242Z] PASS 3. the daemon has pairing open, for this code only {"failures":0,"open":true,"remaining_ms":42527,"waiting":[]}
[2026-09-28T16:31:31.500Z] screenshot docs/verification/evidence/ui/phone-access/04-pair-a-phone-overseer-dark.png
[2026-09-28T16:31:34.054Z] screenshot docs/verification/evidence/ui/phone-access/05-pair-a-phone-overseer-light.png
[2026-09-28T16:31:36.440Z] screenshot docs/verification/evidence/ui/phone-access/06-pair-a-phone-default-dark-modern.png
[2026-09-28T16:31:36.587Z] PASS 3. in Overseer Dark, Overseer Light and a stock theme the code is dark on light, from the theme's own colours {"Overseer Dark":{"paper":"rgb(232, 230, 240)","ink":"rgb(23, 22, 29)","contrast":14.55},"Overseer Light":{"paper":"rgb(251, 250, 253)","ink":"rgb(28, 26, 38)","contrast":16.48},"Default Dark Modern":{"paper":"rgb(204, 204, 204)","ink":"rgb(31, 31, 31)","contrast":10.26}}
[2026-09-28T16:31:36.587Z] PASS 3. in each theme: nothing overflows, no long unbroken text, every icon-only control is named {"Overseer Dark":{"chars":286,"overflow":[],"unnamed":[],"longRuns":[]},"Overseer Light":{"chars":286,"overflow":[],"unnamed":[],"longRuns":[]},"Default Dark Modern":{"chars":286,"overflow":[],"unnamed":[],"longRuns":[]}}
[2026-09-28T16:31:36.588Z] PASS 3. the Mac's own QR reader reads the screenshot of each theme as exactly the code {"Overseer Dark":[true],"Overseer Light":[true],"Default Dark Modern":[true]}
[2026-09-28T16:32:11.864Z] PASS 3. when its time is over the panel says the code has expired and offers "New code" {"over":"This code has expired.","newCode":"New code","afterMs":44731}
[2026-09-28T16:32:11.906Z] screenshot docs/verification/evidence/ui/phone-access/07-pair-a-phone-expired.png
[2026-09-28T16:32:11.917Z] PASS 3. an expired code pairs nothing {"lateAnswer":"the gateway closed the connection without an answer"}
[2026-09-28T16:32:12.430Z] PASS 4. New code shows another code, and its QR code reads back as that code {"changed":true}
[2026-09-28T16:32:12.635Z] PASS 4. the Mac asks: Pair "Bilal's iPhone"? with the platform, the address and the phone's key {"text":"Don't Pair\nPair\nPair \"Bilal's iPhone\"?\niPhone · 127.0.0.1\nKey 59cd 7069 aa6a 03de\n\nIt will be able to watch and control your agents. You can make it watch only, or revoke it, in Devices.","message":"Pair \"Bilal's iPhone\"?","detail":"iPhone · 127.0.0.1\nKey 59cd 7069 aa6a 03de\n\nIt will be able to watch and control your agents. You can make it watch only, or revoke it, in Devices.","buttons":["Don't Pair","Pair"]}
[2026-09-28T16:32:12.635Z] PASS 4. the choices are Pair and Don't Pair ["Don't Pair","Pair"]
[2026-09-28T16:32:12.636Z] PASS 4. the panel says the phone is asking, and no longer shows the used code "\"Bilal's iPhone\" is asking to pair. Answer on this Mac."
[2026-09-28T16:32:12.652Z] PASS 4. nothing is paired before the owner answers {"failures":0,"open":false,"remaining_ms":44393,"waiting":[{"address":"127.0.0.1","fingerprint":"59cd7069aa6a03de","name":"Bilal's iPhone","platform":"ios","request":"bf827735-a108-4511-a032-16929261c803"}]}
[2026-09-28T16:32:12.701Z] screenshot docs/verification/evidence/ui/phone-access/08-pair-confirmation.png
[2026-09-28T16:32:13.194Z] PASS 5. after Pair the phone's handshake completes: it has its device id and full control {"device":"7568e8eb-6652-4f1a-8fad-08e61ab9294c","fingerprint":"1e6beb525f4bcc5a","gateway":"MacBook-Pro","protocol":1,"scope":"full"}
[2026-09-28T16:32:13.196Z] PASS 5. the panel says it is paired, with Done and Pair Another Phone {"phase":"paired","title":"Pair a phone","mac":"With MacBook-Pro","code":"","groups":[],"left":"","steps":["Open Overseer on your phone.","Scan this code, or type it.","Confirm the phone here, on this Mac."],"d":"","side":0,"quiet":0,"qr":{"w":0,"h":0,"shown":false},"paper":null,"ink":null,"copy":null,"over":"Paired with \"Bilal's iPhone\".","newCode":"Pair Another Phone","done":"Done","selectable":"all"}
[2026-09-28T16:32:13.196Z] PASS 5. the status bar says "1 phone" {"text":"1 phone","aria":"Phone access on, 1 phone connected","icon":"device-mobile","x":369.4609375,"y":884,"background":"rgba(0, 0, 0, 0)","color":"rgb(167, 163, 185)","otherColor":"rgb(167, 163, 185)","otherBackground":"rgba(0, 0, 0, 0)","afterOverseer":true,"classes":"statusbar-item left has-command"}
[2026-09-28T16:32:14.753Z] PASS 5. Devices is a view of the Overseer side bar, after Accounts ["Search","Agents","Accounts","Devices"]
[2026-09-28T16:32:14.753Z] PASS 5. the Devices view lists the phone as connected, with its scope and a phone icon {"label":"Bilal's iPhone","description":"connected · Full control","aria":"Bilal's iPhone, iPhone, connected, Full control","level":1,"expanded":"false","icon":"device-mobile","iconColor":"rgb(76, 195, 138)","actions":[{"name":"Rename…","icon":"edit"},{"name":"Make Watch Only","icon":"eye"},{"name":"Revoke Device…","icon":"trash"}]}
[2026-09-28T16:32:15.814Z] PASS 5. opened, the row shows the phone, its scope, when it was paired, when it was last seen, its address and its key {"Phone":"iPhone · Overseer 0.1.0-test","Scope":"Full control","Paired":"Sep 28, 2026, 9:32 AM","Last seen":"connected now","Address":"127.0.0.1","Key":"59cd 7069 aa6a 03de"}
[2026-09-28T16:32:15.814Z] PASS 5. the row's icons are named: Rename…, Make Watch Only, Revoke Device… [{"name":"Rename…","icon":"edit"},{"name":"Make Watch Only","icon":"eye"},{"name":"Revoke Device…","icon":"trash"}]
[2026-09-28T16:32:15.874Z] screenshot docs/verification/evidence/ui/phone-access/09-devices-row-actions.png
[2026-09-28T16:32:16.746Z] PASS 5. the whole list fits the side bar: name, connected, scope and the six details {"text":"connected · Full control","cut":[],"right":322,"edge":343,"icons":0,"rows":7}
[2026-09-28T16:32:16.797Z] screenshot docs/verification/evidence/ui/phone-access/10-devices-connected.png
[2026-09-28T16:32:19.060Z] screenshot docs/verification/evidence/ui/phone-access/11-devices-overseer-light.png
[2026-09-28T16:32:21.323Z] screenshot docs/verification/evidence/ui/phone-access/12-devices-default-dark-modern.png
[2026-09-28T16:32:24.302Z] screenshot docs/verification/evidence/ui/phone-access/13-pair-confirmation-second-phone.png
[2026-09-28T16:32:24.804Z] PASS 6. Don't Pair: the second phone gets no answer, and nothing is added {"answer2":"the gateway closed the connection without an answer","devices":["Bilal's iPhone"]}
[2026-09-28T16:32:24.804Z] PASS 6. the panel says the phone was not paired and offers a new code "\"Unknown Pixel\" was not paired."
[2026-09-28T16:32:24.856Z] screenshot docs/verification/evidence/ui/phone-access/14-pair-declined.png
[2026-09-28T16:32:26.290Z] PASS 6. answered elsewhere first: this window's answer is taken quietly (no error), and the phone is paired once {"quiet1":"\"Spare Phone\" is no longer waiting to pair.","errors1":[],"devices":["Bilal's iPhone","Spare Phone"]}
[2026-09-28T16:32:26.291Z] PASS 6. the status bar says "2 phones" {"text":"2 phones","aria":"Phone access on, 2 phones connected","icon":"device-mobile","x":372.6015625,"y":884,"background":"rgba(0, 0, 0, 0)","color":"rgb(167, 163, 185)","otherColor":"rgb(167, 163, 185)","otherBackground":"rgba(0, 0, 0, 0)","afterOverseer":true,"classes":"statusbar-item left has-command"}
[2026-09-28T16:32:38.977Z] screenshot docs/verification/evidence/ui/phone-access/15-pair-timed-out.png
[2026-09-28T16:32:39.473Z] PASS 6. a question nobody answers: the phone stops waiting, the owner is told quietly, and a late Pair pairs nothing {"answer5":"the gateway closed the connection without an answer","quiet2":"\"Slow Phone\" stopped waiting to pair.","quiet3":"\"Slow Phone\" is no longer waiting to pair.","over":"\"Slow Phone\" was not paired.","errors2":[]}
[2026-09-28T16:32:42.178Z] PASS closing the panel cancels pairing in the daemon {"pairing":null,"cancelled":["cancelled on the Mac"]}
[2026-09-28T16:32:43.011Z] PASS 7. the row's menu offers Make Watch Only, Rename… and Revoke Device… ["Make Watch Only","Rename…","Revoke Device…"]
[2026-09-28T16:32:44.337Z] PASS 7. Make Watch Only: the row says Watch only, the daemon agrees, and the phone may watch but not control {"row":"connected · Watch only","refusal":{"code":"watch_only","message":"this phone may watch but not control; change its scope on the Mac"},"canRead":true,"actions":["Rename…","Give Full Control","Revoke Device…"]}
[2026-09-28T16:32:45.163Z] PASS 7. a watch-only phone offers Give Full Control instead ["Give Full Control","Rename…","Revoke Device…"]
[2026-09-28T16:32:45.229Z] screenshot docs/verification/evidence/ui/phone-access/16-devices-watch-only.png
[2026-09-28T16:32:46.950Z] PASS 7. Rename…: the list and the daemon show the new name ["Spare Phone","Work iPhone","Phone","Scope","Paired","Last seen","Address","Key"]
[2026-09-28T16:32:57.730Z] screenshot docs/verification/evidence/ui/phone-access/17-looking-at-an-agent.png
[2026-09-28T16:32:57.730Z] PASS the window tells the daemon which agent it shows, and no phone is notified about that agent {"looking":true,"aboutWatched":{"device":"7568e8eb-6652-4f1a-8fad-08e61ab9294c","fields":[],"kind":"finished","name":"Work iPhone","outcome":"not_sent","route":"none","why":"the owner is looking at this agent on the Mac"}}
[2026-09-28T16:32:57.730Z] PASS an agent the window does not show is announced to the phone {"device":"7568e8eb-6652-4f1a-8fad-08e61ab9294c","fields":["aps.alert.body","aps.alert.title","aps.category","aps.interruption-level","aps.sound","aps.thread-id","overseer.device","overseer.kind","overseer.run_id","overseer.task_id","overseer.v"],"kind":"finished","name":"Work iPhone","outcome":"sent","route":"files","why":""}
[2026-09-28T16:32:59.031Z] PASS showing another agent tells the daemon so {"moved":true}
[2026-09-28T16:33:01.292Z] screenshot docs/verification/evidence/ui/phone-access/18-stopped-from-a-phone.png
[2026-09-28T16:33:01.292Z] PASS a command from a phone shows in the agent's chat with the phone's name, and the daemon records the phone as its source {"stop":"ok","chat":{"sys":["Stopped from Spare Phone"]},"commands":[{"source":"phone:Spare Phone","method":"run.interrupt"}]}
[2026-09-28T16:33:04.228Z] screenshot docs/verification/evidence/ui/phone-access/19-notifications-off-menu.png
[2026-09-28T16:33:05.649Z] PASS notifications to every phone are switched on the Mac: off in the daemon, offered as Turn On, then on again {"notifyOff":false,"menuNotify":["add  Pair a Phone…, Show a code to scan or type on the phone.","list-unordered  Show Devices, 2 phones paired, 2 connected.","bell  Turn On Notifications to Phones, Nothing is sent to any phone.","circle-slash  Turn Off Phone Access, Disconnects 2 phones."],"after":true}
[2026-09-28T16:33:05.649Z] PASS with the Mac's switch off nothing is sent: the daemon's record says why, and no payload was written {"device":"7568e8eb-6652-4f1a-8fad-08e61ab9294c","fields":[],"kind":"finished","name":"Work iPhone","outcome":"not_sent","route":"none","why":"notifications to phones are off on the Mac"}
[2026-09-28T16:33:07.433Z] PASS on again, the phone is told again {"device":"7568e8eb-6652-4f1a-8fad-08e61ab9294c","fields":["aps.alert.body","aps.alert.title","aps.category","aps.interruption-level","aps.sound","aps.thread-id","overseer.device","overseer.kind","overseer.run_id","overseer.task_id","overseer.v"],"kind":"finished","name":"Work iPhone","outcome":"sent","route":"files","why":""}
[2026-09-28T16:33:08.453Z] screenshot docs/verification/evidence/ui/phone-access/20-turn-off-asks.png
[2026-09-28T16:33:08.946Z] PASS turning phone access off with phones connected asks first and names them; they are told, then disconnected {"detail":"2 phones will be disconnected: Work iPhone, Spare Phone.\nPaired phones connect again when you turn phone access back on.","ended":[true,true],"notices":[["off"],["off"]],"bar":"Phone access off"}
[2026-09-28T16:33:10.133Z] PASS on again: the paired phone connects by itself, with no pairing and no question {"again":{"device":"7568e8eb-6652-4f1a-8fad-08e61ab9294c","fingerprint":"1e6beb525f4bcc5a","gateway":"MacBook-Pro","protocol":1,"scope":"watch"},"bar":"1 phone"}
[2026-09-28T16:33:12.572Z] PASS after the daemon restarts: phone access is on again at the same port, the list shows both phones as last seen, and a phone connects by itself {"dropped":true,"restarted":true,"bar":["Phone access on","1 phone"],"resting":[["Work iPhone","last seen just now · Watch only"],["Spare Phone","last seen just now · Full control"]],"helloAgain":{"device":"7568e8eb-6652-4f1a-8fad-08e61ab9294c","fingerprint":"1e6beb525f4bcc5a","gateway":"MacBook-Pro","protocol":1,"scope":"watch"}}
[2026-09-28T16:33:12.646Z] screenshot docs/verification/evidence/ui/phone-access/21-after-daemon-restart.png
[2026-09-28T16:33:20.598Z] PASS after the window reloads: the status bar and the Devices view say the same again {"bar":"1 phone","rows":[["Work iPhone","connected · Watch only"],["Spare Phone","last seen just now · Full control"]]}
[2026-09-28T16:33:20.681Z] screenshot docs/verification/evidence/ui/phone-access/22-after-window-reload.png
[2026-09-28T16:33:23.459Z] screenshot docs/verification/evidence/ui/phone-access/23-revoke-asks.png
[2026-09-28T16:33:23.964Z] PASS 7. Revoke… asks and names the device; its session ends, it leaves the list, and its key gets no session again {"revoke":"It is disconnected now. Its key never works again. To use this phone again, pair it again.","gone":true,"noticed":true,"afterRevoke":{"handshake":"answered","serves":false,"ended":true,"notices":["off","revoked","revoked"]},"rows":["Spare Phone"]}
[2026-09-28T16:33:26.168Z] PASS 7. with every phone revoked the list is empty: one sentence and Pair a Phone {"text":"No phone is paired. Pair one to watch and answer your agents from it.\n\nPair a Phone","buttons":["Pair a Phone"]}
[2026-09-28T16:33:26.168Z] PASS 7. the status bar says phone access is on and no phone is connected {"text":"Phone access on","aria":"Phone access on, no phone connected","icon":"device-mobile","x":394.2421875,"y":884,"background":"rgba(0, 0, 0, 0)","color":"rgb(167, 163, 185)","otherColor":"rgb(167, 163, 185)","otherBackground":"rgba(0, 0, 0, 0)","afterOverseer":true,"classes":"statusbar-item left has-command"}
[2026-09-28T16:33:26.233Z] screenshot docs/verification/evidence/ui/phone-access/24-devices-empty.png
[2026-09-28T16:33:27.218Z] PASS a phone paired and revoked outside VS Code appears in, and leaves, the list and the status bar without a refresh {"bar":"1 phone"}
[2026-09-28T16:33:28.173Z] PASS 8. Turn Off Phone Access (no phone connected: no question): the status bar says off and the port refuses {"bar":"Phone access off","enabled":false}
[2026-09-28T16:33:28.240Z] screenshot docs/verification/evidence/ui/phone-access/25-status-bar-off-again.png
[2026-09-28T16:33:28.247Z] PASS every change was the daemon's: on, off, on, on (the daemon restarted), off ["on","off","on","on","off"]
[2026-09-28T16:33:28.247Z] PASS nothing on screen says "gateway" []
