[2026-10-02T22:07:38.215Z] installed "Installing extensions...\nExtension 'overseer-0.1.0.vsix' was successfully installed."
[2026-10-02T22:07:38.482Z] background launch: VS Code window constructor not found; the first window may come to the front
[2026-10-02T22:07:45.330Z] PASS fixture: VS Code's review shows a.txt and b.txt with two changes each, none accepted {"a":{"hunks":2,"accepted":0,"fileButton":"Accept file","filePressed":"false","changes":[{"word":"Accept","pressed":"false"},{"word":"Accept","pressed":"false"}]},"b":{"hunks":2,"accepted":0,"fileButton":"Accept file","filePressed":"false","changes":[{"word":"Accept","pressed":"false"},{"word":"Accept","pressed":"false"}]}}
[2026-10-02T22:07:45.376Z] screenshot docs/verification/evidence/ui/tui-parity/01-t29-review-before.png
[2026-10-02T22:07:45.674Z] screenshot docs/verification/evidence/ui/tui-parity/02-t29-change-accepted-in-terminal.png
[2026-10-02T22:07:45.698Z] PASS T-29: a change accepted from the terminal is in the daemon's marks and reads Accepted in VS Code's review (the other change not), the agent's line kept {"comparison":"task_start","tookMs":10,"afterA":{"hunks":2,"accepted":1,"fileButton":"Accept file","filePressed":"false","changes":[{"word":"Accepted","pressed":"true"},{"word":"Accept","pressed":"false"}]},"marks":["5bb86156db61413c"]}
[2026-10-02T22:07:46.007Z] screenshot docs/verification/evidence/ui/tui-parity/03-t29-file-accepted-in-terminal.png
[2026-10-02T22:07:46.037Z] PASS T-29: a whole file accepted from the terminal reads Accepted in VS Code (each change and the file's button) {"hunks":2,"accepted":2,"fileButton":"Accepted","filePressed":"true","changes":[{"word":"Accepted","pressed":"true"},{"word":"Accepted","pressed":"true"}]}
[2026-10-02T22:07:46.873Z] screenshot docs/verification/evidence/ui/tui-parity/04-t29-file-rejected-in-terminal.png
[2026-10-02T22:07:46.905Z] PASS T-29: a whole file rejected from the terminal is back as it was on disk and leaves VS Code's review; a.txt keeps its accepted change {"files":["a.txt"],"count":"1","same":true,"aStill":true}
[2026-10-02T22:07:49.031Z] screenshot docs/verification/evidence/ui/tui-parity/05-t35-off.png
[2026-10-02T22:07:49.516Z] screenshot docs/verification/evidence/ui/tui-parity/06-t35-listening.png
[2026-10-02T22:07:49.816Z] screenshot docs/verification/evidence/ui/tui-parity/07-t35-hearing.png
[2026-10-02T22:07:55.652Z] screenshot docs/verification/evidence/ui/tui-parity/08-t35-thinking.png
[2026-10-02T22:07:56.551Z] screenshot docs/verification/evidence/ui/tui-parity/09-t35-speaking.png
[2026-10-02T22:07:57.483Z] screenshot docs/verification/evidence/ui/tui-parity/10-t35-muted.png
[2026-10-02T22:07:58.183Z] screenshot docs/verification/evidence/ui/tui-parity/11-t35-paused.png
[2026-10-02T22:07:58.885Z] screenshot docs/verification/evidence/ui/tui-parity/12-t35-off-again.png
[2026-10-02T22:07:59.913Z] PASS T-35: each state shows in VS Code (home's voice strip and the status bar, in words) and in the terminal at the same time {"off":{"vs":true,"terminal":true,"statusBar":[],"strip":"","words":true},"listening":{"vs":true,"terminal":true,"statusBar":["Listening"],"strip":"Listening","words":true},"hearing":{"vs":true,"terminal":true,"statusBar":["Hearing you"],"strip":"Hearing you","words":true},"thinking":{"vs":true,"terminal":true,"statusBar":["Thinking"],"strip":"Thinking","words":true},"speaking":{"vs":true,"terminal":true,"statusBar":["Speaking"],"strip":"Speaking","words":true},"muted":{"vs":true,"terminal":true,"statusBar":["Muted"],"strip":"Muted","words":true},"paused":{"vs":true,"terminal":true,"statusBar":["Paused for a call"],"strip":"Paused for a call","words":true},"offAgain":{"vs":true,"terminal":true,"statusBar":[],"strip":"","words":true}}
[2026-10-02T22:07:59.913Z] PASS T-35: VS Code showed every state (off, listening, hearing you, thinking, speaking, muted, paused for a call) ["off","starting","listening","hearing","listening","thinking","speaking","thinking","speaking","thinking","listening","speaking","listening","muted","starting","listening","paused","listening","off"]
[2026-10-02T22:07:59.913Z] PASS T-35: the terminal was told the same states as VS Code showed, in the same order {"vscode":["off","starting","listening","hearing","listening","thinking","speaking","thinking","speaking","thinking","listening","speaking","listening","muted","starting","listening","paused","listening","off"],"terminal":["off","starting","listening","hearing","listening","thinking","speaking","thinking","speaking","thinking","listening","speaking","listening","muted","starting","listening","paused","listening","off"]}
