warning: unused import: `revision`
 --> daemon/src/mods/bindings.rs:5:5
  |
5 |     revision,
  |     ^^^^^^^^
  |
  = note: `#[warn(unused_imports)]` on by default

warning: value assigned to `note` is never read
   --> daemon/src/background.rs:377:17
    |
377 |         let mut note = String::new();
    |                 ^^^^
    |
    = help: maybe it is overwritten before being read?
    = note: `#[warn(unused_assignments)]` on by default

warning: methods `book_shared_account`, `shared_booking_draw`, and `mark_shared_booking_uncertain` are never used
    --> daemon/src/account_booking.rs:1203:12
     |
1171 | impl Store {
     | ---------- methods in this implementation
...
1203 |     pub fn book_shared_account(&self, req: &AccountBookingRequest<'_>) -> Result<BookingDecision> {
     |            ^^^^^^^^^^^^^^^^^^^
...
1255 |     pub fn shared_booking_draw(
     |            ^^^^^^^^^^^^^^^^^^^
...
1387 |     pub fn mark_shared_booking_uncertain(&self, id: &str) -> Result<()> {
     |            ^^^^^^^^^^^^^^^^^^^^^^^^^^^^^
     |
     = note: `#[warn(dead_code)]` on by default

warning: methods `blocking_window` and `allowance_unknown` are never used
   --> daemon/src/auto_quota.rs:139:12
    |
60  | impl QuotaSnapshot {
    | ------------------ methods in this implementation
...
139 |     pub fn blocking_window(&self, model: &str) -> Option<&QuotaWindow> {
    |            ^^^^^^^^^^^^^^^
...
145 |     pub fn allowance_unknown(&self, model: &str) -> bool {
    |            ^^^^^^^^^^^^^^^^^

warning: function `auto_local_execution_guard` is never used
   --> daemon/src/auto_opencode.rs:177:8
    |
177 | pub fn auto_local_execution_guard(profile: &crate::store::Profile, project: &Path,
    |        ^^^^^^^^^^^^^^^^^^^^^^^^^^

warning: fields `resolved_model_version` and `task_signature` are never read
   --> daemon/src/auto_consumption.rs:169:9
    |
166 | pub struct DeltaContext<'a> {
    |            ------------ fields in this struct
...
169 |     pub resolved_model_version: Option<&'a str>,
    |         ^^^^^^^^^^^^^^^^^^^^^^
170 |     pub task_signature: Option<&'a crate::auto_select::TaskSignature>,
    |         ^^^^^^^^^^^^^^
    |
    = note: `DeltaContext` has derived impls for the traits `Debug` and `Clone`, but these are intentionally ignored during dead code analysis

warning: function `estimate_from_actual_window_delta` is never used
   --> daemon/src/auto_consumption.rs:291:8
    |
291 | pub fn estimate_from_actual_window_delta(
    |        ^^^^^^^^^^^^^^^^^^^^^^^^^^^^^^^^^

warning: function `apply_scoped_fit` is never used
   --> daemon/src/auto_fit.rs:204:8
    |
204 | pub fn apply_scoped_fit(
    |        ^^^^^^^^^^^^^^^^

warning: variant `Provider` is never constructed
  --> daemon/src/auto_health.rs:10:5
   |
9  | pub enum Scope {
   |          ----- variant in this enum
10 |     Provider(String),
   |     ^^^^^^^^
   |
   = note: `Scope` has derived impls for the traits `Debug` and `Clone`, but these are intentionally ignored during dead code analysis

warning: methods `workspace_diff` and `state` are never used
    --> daemon/src/daemon.rs:3791:12
     |
433  | impl Daemon {
     | ----------- methods in this implementation
...
3791 |     pub fn workspace_diff(&self, workspace_id: &str, base: &str) -> Result<Value> {
     |            ^^^^^^^^^^^^^^
...
3846 |     pub fn state(&self) -> Result<Value> {
     |            ^^^^^

warning: field `device_name` is never read
  --> daemon/src/gateway/mod.rs:86:9
   |
84 | pub struct Session {
   |            ------- field in this struct
85 |     pub device_id: String,
86 |     pub device_name: String,
   |         ^^^^^^^^^^^

warning: field `public` is never read
  --> daemon/src/gateway/noise.rs:40:9
   |
38 | pub struct Keypair {
   |            ------- field in this struct
39 |     pub private: Vec<u8>,
40 |     pub public: Vec<u8>,
   |         ^^^^^^

warning: constant `ALLOWED_FIELDS` is never used
  --> daemon/src/gateway/push.rs:16:11
   |
16 | pub const ALLOWED_FIELDS: &[&str] = &[
   |           ^^^^^^^^^^^^^^

warning: function `decorate` is never used
    --> daemon/src/voice/request.rs:2158:8
     |
2158 | pub fn decorate(d: &Daemon, actions: &mut [Value]) -> Result<bool> {
     |        ^^^^^^^^

warning: method `is_clean` is never used
   --> daemon/src/git.rs:299:12
    |
298 | impl Status {
    | ----------- method in this implementation
299 |     pub fn is_clean(&self) -> bool {
    |            ^^^^^^^^

warning: function `tree_has` is never used
   --> daemon/src/git.rs:356:8
    |
356 | pub fn tree_has(workspace: &Path, tree_ish: &str, path: &str) -> bool {
    |        ^^^^^^^^

warning: function `show_blob` is never used
   --> daemon/src/git.rs:360:8
    |
360 | pub fn show_blob(workspace: &Path, tree_ish: &str, path: &str) -> Result<Vec<u8>> {
    |        ^^^^^^^^^

warning: function `worktree_list` is never used
   --> daemon/src/git.rs:368:8
    |
368 | pub fn worktree_list(repo: &Path) -> Vec<PathBuf> {
    |        ^^^^^^^^^^^^^

warning: struct `Reading` is never constructed
  --> daemon/src/net.rs:79:12
   |
79 | pub struct Reading {
   |            ^^^^^^^

warning: function `read` is never used
  --> daemon/src/net.rs:97:8
   |
97 | pub fn read(probes: bool) -> Reading {
   |        ^^^^

warning: field `model` is never read
   --> daemon/src/opencode_bridge.rs:260:9
    |
243 | pub struct Turn {
    |            ---- field in this struct
...
260 |     pub model: String,
    |         ^^^^^

warning: constant `METHOD_CLASSES` is never used
  --> daemon/src/overseer/control.rs:60:11
   |
60 | pub const METHOD_CLASSES: &[(&str, &str)] = &[
   |           ^^^^^^^^^^^^^^

warning: function `method_class` is never used
   --> daemon/src/overseer/control.rs:137:8
    |
137 | pub fn method_class(method: &str) -> Option<&'static str> {
    |        ^^^^^^^^^^^^

warning: function `is_session_event` is never used
    --> daemon/src/overseer/session.rs:2161:8
     |
2161 | pub fn is_session_event(kind: &str) -> bool {
     |        ^^^^^^^^^^^^^^^^

warning: methods `insert_task_and_run`, `insert_task_and_run_bound`, `child_by_native`, `insert_turn_if_no_auto_claim`, and `put_auto_allowance_estimate` are never used
    --> daemon/src/store.rs:968:12
     |
189  | impl Store {
     | ---------- methods in this implementation
...
968  |     pub fn insert_task_and_run(&self, t: &Task, r: &Run, attempt_id: Option<&str>,
     |            ^^^^^^^^^^^^^^^^^^^
...
975  |     pub fn insert_task_and_run_bound(&self, t: &Task, r: &Run, attempt_id: Option<&str>,
     |            ^^^^^^^^^^^^^^^^^^^^^^^^^
...
1123 |     pub fn child_by_native(&self, parent: &str, native: &str) -> Result<Option<Run>> {
     |            ^^^^^^^^^^^^^^^
...
1800 |     pub fn insert_turn_if_no_auto_claim(&self, t: &Turn, profile_id: &str) -> Result<bool> {
     |            ^^^^^^^^^^^^^^^^^^^^^^^^^^^^
...
2541 |     pub fn put_auto_allowance_estimate(&self, profile_id: &str, generation: i64,
     |            ^^^^^^^^^^^^^^^^^^^^^^^^^^^

warning: function `parse_meminfo` is never used
   --> daemon/src/sys.rs:114:8
    |
114 | pub fn parse_meminfo(text: &str) -> Result<(u64, u64)> {
    |        ^^^^^^^^^^^^^

warning: function `parse_psi` is never used
   --> daemon/src/sys.rs:127:8
    |
127 | pub fn parse_psi(text: &str) -> Pressure {
    |        ^^^^^^^^^

warning: `overseerd` (bin "overseerd") generated 27 warnings (run `cargo fix --bin "overseerd"` to apply 1 suggestion)
    Finished `test` profile [unoptimized + debuginfo] target(s) in 0.05s
     Running tests/pending_requests.rs (/private/tmp/overseer-closeout-verify-target/debug/deps/pending_requests-3634fd170cfd2bc6)

running 12 tests
test slice2::authenticated_full_watch_and_revoked_devices_do_not_borrow_actor_text ... 
thread 'slice2::authenticated_full_watch_and_revoked_devices_do_not_borrow_actor_text' panicked at daemon/tests/pending_requests.rs:758:9:
assertion `left == right` failed
  left: "unknown_method"
 right: "watch_only"
note: run with `RUST_BACKTRACE=1` environment variable to display a backtrace
FAILED
test slice2::competing_answer_claims_emit_one_exact_native_response ... 
thread 'slice2::competing_answer_claims_emit_one_exact_native_response' panicked at daemon/tests/pending_requests.rs:656:9:
assertion `left == right` failed: one accepted owner claim: [Object {"error": Object {"code": String("unknown_method"), "message": String("unknown method run.request.answer")}, "id": Number(1)}, Object {"error": Object {"code": String("unknown_method"), "message": String("unknown method run.request.answer")}, "id": Number(1)}]
  left: 0
 right: 1
FAILED
test slice2::exact_receipt_token_writes_once_and_refuses_changed_digest_or_generation ... 
thread 'slice2::exact_receipt_token_writes_once_and_refuses_changed_digest_or_generation' panicked at daemon/tests/pending_requests.rs:837:54:
assertion `left == right` failed: typed private receipt operation: {"error":"unknown op","ok":false}
  left: Null
 right: "written"
FAILED
test slice2::frozen_typed_family_answers_reach_exact_native_transport ... 
thread 'slice2::frozen_typed_family_answers_reach_exact_native_transport' panicked at daemon/tests/common/mod.rs:138:66:
run.request.answer {"answer":{"decision":"decline","kind":"decision"},"request_key":"req-5451f92fb9134431ac3109085bf11829","revision":1,"run_id":"r-c871079dae4c"} failed: unknown method run.request.answer
FAILED
test slice2::native_child_typed_answer_uses_parent_pipe_and_exact_native_id ... 
thread 'slice2::native_child_typed_answer_uses_parent_pipe_and_exact_native_id' panicked at daemon/tests/common/mod.rs:138:66:
run.request.answer {"answer":{"decision":"decline","kind":"decision"},"request_key":"req-a1533f667cb5488a86cbca3636bfd8b8","revision":1,"run_id":"r-c5329818b1fc"} failed: unknown method run.request.answer
FAILED
test slice2::native_resolution_before_owner_answer_emits_no_response ... 
thread 'slice2::native_resolution_before_owner_answer_emits_no_response' panicked at daemon/tests/pending_requests.rs:636:9:
assertion `left == right` failed: intended typed refusal, not an unrelated setup/internal failure: {"error":{"code":"unknown_method","message":"unknown method run.request.answer"},"id":1}
  left: String("unknown_method")
 right: "request_resolved"
FAILED
test slice2::old_request_key_cannot_send_to_replacement_generation ... 
thread 'slice2::old_request_key_cannot_send_to_replacement_generation' panicked at daemon/tests/pending_requests.rs:636:9:
assertion `left == right` failed: intended typed refusal, not an unrelated setup/internal failure: {"error":{"code":"unknown_method","message":"unknown method run.request.answer"},"id":1}
  left: String("unknown_method")
 right: "stale_generation"
FAILED
test slice2::permission_profile_widening_and_deny_removal_cannot_claim ... 
thread 'slice2::permission_profile_widening_and_deny_removal_cannot_claim' panicked at daemon/tests/pending_requests.rs:636:9:
assertion `left == right` failed: intended typed refusal, not an unrelated setup/internal failure: {"error":{"code":"unknown_method","message":"unknown method run.request.answer"},"id":1}
  left: String("unknown_method")
 right: "scope_enlarged"
FAILED
test slice2::persistent_native_veto_refuses_stale_always_but_allows_once ... 
thread 'slice2::persistent_native_veto_refuses_stale_always_but_allows_once' panicked at daemon/tests/pending_requests.rs:603:9:
assertion `left == right` failed: frozen native frame reaches actual pending collection
  left: 0
 right: 1
FAILED
test slice2::secret_typed_answer_is_private_in_results_history_and_device_once_cache ... 
thread 'slice2::secret_typed_answer_is_private_in_results_history_and_device_once_cache' panicked at daemon/tests/pending_requests.rs:779:9:
assertion `left == right` failed
  left: Null
 right: "written"
FAILED
test slice2::structured_questions_and_forms_refuse_legacy_bool ... 
thread 'slice2::structured_questions_and_forms_refuse_legacy_bool' panicked at daemon/tests/common/mod.rs:138:66:
run.request.answer {"answer":{"answers":{"field-0":["A"]},"kind":"questions"},"request_key":"req-9afbec22c82048f1b4e781f64cb6565b","revision":1,"run_id":"r-dec66522106d"} failed: unknown method run.request.answer
FAILED
test slice2::wrong_family_revision_and_caller_authority_emit_no_response ... 
thread 'slice2::wrong_family_revision_and_caller_authority_emit_no_response' panicked at daemon/tests/pending_requests.rs:636:9:
assertion `left == right` failed: intended typed refusal, not an unrelated setup/internal failure: {"error":{"code":"unknown_method","message":"unknown method run.request.answer"},"id":1}
  left: String("unknown_method")
 right: "invalid_answer"
FAILED

failures:

failures:
    slice2::authenticated_full_watch_and_revoked_devices_do_not_borrow_actor_text
    slice2::competing_answer_claims_emit_one_exact_native_response
    slice2::exact_receipt_token_writes_once_and_refuses_changed_digest_or_generation
    slice2::frozen_typed_family_answers_reach_exact_native_transport
    slice2::native_child_typed_answer_uses_parent_pipe_and_exact_native_id
    slice2::native_resolution_before_owner_answer_emits_no_response
    slice2::old_request_key_cannot_send_to_replacement_generation
    slice2::permission_profile_widening_and_deny_removal_cannot_claim
    slice2::persistent_native_veto_refuses_stale_always_but_allows_once
    slice2::secret_typed_answer_is_private_in_results_history_and_device_once_cache
    slice2::structured_questions_and_forms_refuse_legacy_bool
    slice2::wrong_family_revision_and_caller_authority_emit_no_response

test result: FAILED. 0 passed; 12 failed; 0 ignored; 0 measured; 16 filtered out; finished in 9.60s

error: test failed, to rerun pass `-p overseerd --test pending_requests`
