[2026-10-03T08:36:04.981Z] installed "Installing extensions...\nExtension 'overseer-0.1.0.vsix' was successfully installed."
[2026-10-03T08:36:05.229Z] background launch: VS Code window constructor not found; the first window may come to the front
[2026-10-03T08:36:09.311Z] typed: from a cold window, keyboard only
[2026-10-03T08:36:09.371Z] screenshot docs/verification/evidence/ui/zero-friction/01-typed-0-cold-window.png
[2026-10-03T08:36:11.414Z] screenshot docs/verification/evidence/ui/zero-friction/02-typed-1-open.png
[2026-10-03T08:36:11.429Z] PASS typed: open Overseer — ⌥⌘⇧O: 1 action, 1956 ms {"actions":{"keys":1,"commands":0,"said":0,"picks":0,"words":0,"yes":0},"home":{"mode":"composer","selected":"r-b0e766a8a785","title":"Docs","said":[],"voice":"","back":true,"width":531},"groups":["",""]}
[2026-10-03T08:36:13.912Z] screenshot docs/verification/evidence/ui/zero-friction/03-typed-2-told.png
[2026-10-03T08:36:13.940Z] PASS typed: tell it to do something — ⌥⌘O, "Someone should draft the page", Enter; Yes on the proposal: 1 action and one yes, 1548 ms {"actions":{"keys":1,"commands":0,"said":0,"picks":0,"words":1,"yes":1},"composerFocusedByTheKey":true,"started":{"id":"r-f8e5f09aa876","title":"draft the page"}}
[2026-10-03T08:36:43.893Z] screenshot docs/verification/evidence/ui/zero-friction/04-typed-3-follow.png
[2026-10-03T08:36:43.929Z] PASS typed: follow an agent — ⌥⌘A, "draft", Enter: 1 action, 829 ms {"actions":{"keys":1,"commands":0,"said":0,"picks":1,"words":0,"yes":0},"follow":{"view":"follow","path":"draft.md","source":"agent","visible":"visible","seen":[{"ms":363,"view":"follow","path":"draft.md","source":"agent","visible":"visible"}]}}
[2026-10-03T08:36:44.144Z] screenshot docs/verification/evidence/ui/zero-friction/05-typed-4-manual-edit.png
[2026-10-03T08:36:44.193Z] FAIL typed: Follow → Manual edit — ⌥⌘E: 1 action, 72 ms {"actions":{"keys":1,"commands":0,"said":0,"picks":0,"words":0,"yes":0},"editor":{"title":"draft.md — zf-repo","editor":true,"focused":true,"status":"Follow","about":"Follow: draft the page"}}
[2026-10-03T08:36:45.151Z] PASS Manual edit is the agent's real file: the owner's line, saved, is in its worktree {"file":"/private/tmp/ovs-ui-sSwGjz/overseer-home/worktrees/zf-repo-5a84340e/draft-the-page/draft.md","text":"Owner: keep it short.\n# Draft\n\nThe sections.\n"}
[2026-10-03T08:36:47.661Z] screenshot docs/verification/evidence/ui/zero-friction/06-typed-5-follow-again.png
[2026-10-03T08:36:47.704Z] PASS typed: Manual edit → Follow — ⌥⌘E: 1 action, 411 ms {"actions":{"keys":1,"commands":0,"said":0,"picks":0,"words":0,"yes":0},"follow":{"view":"follow","path":"draft.md","source":"agent","visible":"visible","seen":[{"ms":25,"view":"follow","path":"","source":"","visible":"visible"},{"ms":350,"view":"follow","path":"draft.md","source":"agent","visible":"visible"}]},"editor":{"title":"Review: draft the page (1) — zf-repo","editor":false,"focused":false,"status":"Follow","about":"Follow: draft the page"}}
[2026-10-03T08:36:48.995Z] screenshot docs/verification/evidence/ui/zero-friction/07-typed-6-stopped.png
[2026-10-03T08:36:49.039Z] PASS typed: change course (stop the agent) — ⌥⌘.: 1 action, 177 ms {"actions":{"keys":1,"commands":0,"said":0,"picks":0,"words":0,"yes":0},"before":"running","after":"interrupted","pickShown":null}
[2026-10-03T08:36:52.734Z] screenshot docs/verification/evidence/ui/zero-friction/08-voice-0-own-layout.png
[2026-10-03T08:36:54.616Z] screenshot docs/verification/evidence/ui/zero-friction/09-voice-1-open.png
[2026-10-03T08:36:54.628Z] PASS voice: open Overseer — "Open Overseer.": 1 action, 1786 ms {"actions":{"keys":0,"commands":0,"said":1,"picks":0,"words":0,"yes":0},"said":{"built_in":"open","place":"overseer","run":null,"taken":true},"home":{"mode":"composer","selected":"r-f8e5f09aa876","title":"draft the page","said":["YouSomeone should draft the pagedraft the page was stoppedStart as an agent"],"voice":"listening","back":true,"width":1562}}
[2026-10-03T08:37:02.454Z] screenshot docs/verification/evidence/ui/zero-friction/10-voice-2-told.png
[2026-10-03T08:37:02.474Z] PASS voice: tell it to do something — "Overseer, someone should write the notes.": 1 action, 7701 ms {"actions":{"keys":0,"commands":0,"said":1,"picks":0,"words":0,"yes":0},"said":{"queued":false,"request":"V-0001","taken":true},"request":{"state":"sent","done":"Done: started write the notes."},"started":{"id":"r-1496aaa31f4f","title":"write the notes"}}
[2026-10-03T08:37:31.625Z] screenshot docs/verification/evidence/ui/zero-friction/11-voice-3-follow.png
[2026-10-03T08:37:31.663Z] PASS voice: follow an agent — "Follow the notes agent.": 1 action, 218 ms {"actions":{"keys":0,"commands":0,"said":1,"picks":0,"words":0,"yes":0},"said":{"built_in":"open","place":"follow","run":"r-1496aaa31f4f","taken":true},"follow":{"view":"follow","path":"draft.md","source":"agent","visible":"visible","seen":[{"ms":334,"view":"follow","path":"draft.md","source":"agent","visible":"visible"}]}}
[2026-10-03T08:37:31.980Z] screenshot docs/verification/evidence/ui/zero-friction/12-voice-4-manual-edit.png
[2026-10-03T08:37:32.014Z] PASS voice: Follow → Manual edit — "Manual edit.": 1 action, 207 ms {"actions":{"keys":0,"commands":0,"said":1,"picks":0,"words":0,"yes":0},"said":{"built_in":"open","place":"manual_edit","run":null,"taken":true},"editor":{"title":"draft.md — zf-repo","editor":true,"focused":true,"status":"Manual edit","about":"Manual edit: write the notes"}}
[2026-10-03T08:37:34.470Z] screenshot docs/verification/evidence/ui/zero-friction/13-voice-5-follow-again.png
[2026-10-03T08:37:34.515Z] PASS voice: Manual edit → Follow — "Back to follow.": 1 action, 336 ms {"actions":{"keys":0,"commands":0,"said":1,"picks":0,"words":0,"yes":0},"said":{"built_in":"open","place":"follow","run":null,"taken":true},"follow":{"view":"follow","path":"draft.md","source":"agent","visible":"visible","seen":[{"ms":331,"view":"follow","path":"draft.md","source":"agent","visible":"visible"}]},"editor":{"title":"Review: write the notes (1) — zf-repo","editor":false,"focused":false,"status":"Follow","about":"Follow: write the notes"}}
[2026-10-03T08:37:37.455Z] PASS voice: change course (redirect the agent) — "Tell the notes agent to keep it short.": 1 action, 2935 ms {"actions":{"keys":0,"commands":0,"said":1,"picks":0,"words":0,"yes":0},"said":{"queued":false,"request":"V-0002","taken":true},"request":{"state":"sent","done":"Done: sent \"(by voice) The owner said: “Tell the notes agent to keep it short.”\nFor you: Please keep it short.\" to write the notes (queued until its turn ends)."},"queued":true}
[2026-10-03T08:37:37.784Z] screenshot docs/verification/evidence/ui/zero-friction/14-voice-6-stopped.png
[2026-10-03T08:37:37.836Z] PASS voice: change course (stop the agent) — "Stop the notes agent.": 1 action, 220 ms {"actions":{"keys":0,"commands":0,"said":1,"picks":0,"words":0,"yes":0},"said":{"built_in":"stop","request":"V-0003","stopped":["write the notes"],"taken":true},"interrupted":true,"redirectIsTheNextTurn":true}
[2026-10-03T08:37:37.836Z] the loop ["typed · open Overseer · ⌥⌘⇧O · keys 1 said 0 yes 0 · 1956 ms · ok","typed · tell it to do something · ⌥⌘O, \"Someone should draft the page\", Enter; Yes on the proposal · keys 1 said 0 yes 1 · 1548 ms · ok","typed · follow an agent · ⌥⌘A, \"draft\", Enter · keys 1 said 0 yes 0 · 829 ms · ok","typed · Follow → Manual edit · ⌥⌘E · keys 1 said 0 yes 0 · 72 ms · FAIL","typed · Manual edit → Follow · ⌥⌘E · keys 1 said 0 yes 0 · 411 ms · ok","typed · change course (stop the agent) · ⌥⌘. · keys 1 said 0 yes 0 · 177 ms · ok","voice · open Overseer · \"Open Overseer.\" · keys 0 said 1 yes 0 · 1786 ms · ok","voice · tell it to do something · \"Overseer, someone should write the notes.\" · keys 0 said 1 yes 0 · 7701 ms · ok","voice · follow an agent · \"Follow the notes agent.\" · keys 0 said 1 yes 0 · 218 ms · ok","voice · Follow → Manual edit · \"Manual edit.\" · keys 0 said 1 yes 0 · 207 ms · ok","voice · Manual edit → Follow · \"Back to follow.\" · keys 0 said 1 yes 0 · 336 ms · ok","voice · change course (redirect the agent) · \"Tell the notes agent to keep it short.\" · keys 0 said 1 yes 0 · 2935 ms · ok","voice · change course (stop the agent) · \"Stop the notes agent.\" · keys 0 said 1 yes 0 · 220 ms · ok"]
[2026-10-03T08:37:37.836Z] FAIL all five, typed and spoken, at most one action each plus at most one yes [["typed","open Overseer",true],["typed","tell it to do something",true],["typed","follow an agent",true],["typed","Follow → Manual edit",false],["typed","Manual edit → Follow",true],["typed","change course (stop the agent)",true],["voice","open Overseer",true],["voice","tell it to do something",true],["voice","follow an agent",true],["voice","Follow → Manual edit",true],["voice","Manual edit → Follow",true],["voice","change course (redirect the agent)",true],["voice","change course (stop the agent)",true]]
