(node:56467) [DEP0169] DeprecationWarning: `url.parse()` behavior is not standardized and prone to errors that have security implications. Use the WHATWG URL API instead. CVEs are not issued for `url.parse()` vulnerabilities.
(Use `Code --trace-deprecation ...` to show where the warning was created)
[2026-10-03T08:42:48.657Z] installed "Installing extensions...\nExtension 'overseer-0.1.0.vsix' was successfully installed."
[2026-10-03T08:42:52.951Z] typed: from a cold window, keyboard only
[2026-10-03T08:42:53.004Z] screenshot docs/verification/evidence/ui/zero-friction/01-typed-0-cold-window.png
[2026-10-03T08:42:55.046Z] screenshot docs/verification/evidence/ui/zero-friction/02-typed-1-open.png
[2026-10-03T08:42:55.063Z] PASS typed: open Overseer — ⌥⌘⇧O: 1 action, 1946 ms {"actions":{"keys":1,"commands":0,"said":0,"picks":0,"words":0,"yes":0},"home":{"mode":"composer","selected":"r-7f55f05fcfb9","title":"Docs","said":[],"voice":"","back":true,"width":531},"groups":["",""]}
[2026-10-03T08:42:57.550Z] screenshot docs/verification/evidence/ui/zero-friction/03-typed-2-told.png
[2026-10-03T08:42:57.569Z] PASS typed: tell it to do something — ⌥⌘O, "Someone should draft the page", Enter; Yes on the proposal: 1 action and one yes, 1545 ms {"actions":{"keys":1,"commands":0,"said":0,"picks":0,"words":1,"yes":1},"composerFocusedByTheKey":true,"started":{"id":"r-fb809ea1c5f6","title":"draft the page"}}
[2026-10-03T08:43:27.634Z] screenshot docs/verification/evidence/ui/zero-friction/04-typed-3-follow.png
[2026-10-03T08:43:27.668Z] PASS typed: follow an agent — ⌥⌘A, "draft", Enter: 1 action, 823 ms {"actions":{"keys":1,"commands":0,"said":0,"picks":1,"words":0,"yes":0},"follow":{"view":"follow","path":"draft.md","source":"agent","visible":"visible","seen":[{"ms":383,"view":"follow","path":"draft.md","source":"agent","visible":"visible"}]}}
[2026-10-03T08:43:27.895Z] screenshot docs/verification/evidence/ui/zero-friction/05-typed-4-manual-edit.png
[2026-10-03T08:43:27.933Z] PASS typed: Follow → Manual edit — ⌥⌘E: 1 action, 68 ms {"actions":{"keys":1,"commands":0,"said":0,"picks":0,"words":0,"yes":0},"editor":{"title":"draft.md — zf-repo","editor":true,"focused":true,"status":"Manual edit","about":"Manual edit: draft the page"}}
[2026-10-03T08:43:28.891Z] PASS Manual edit is the agent's real file: the owner's line, saved, is in its worktree {"file":"/private/tmp/ovs-ui-0EZg9J/overseer-home/worktrees/zf-repo-9f53394b/draft-the-page/draft.md","text":"Owner: keep it short.\n# Draft\n\nThe sections.\n"}
[2026-10-03T08:43:31.414Z] screenshot docs/verification/evidence/ui/zero-friction/06-typed-5-follow-again.png
[2026-10-03T08:43:31.458Z] PASS typed: Manual edit → Follow — ⌥⌘E: 1 action, 419 ms {"actions":{"keys":1,"commands":0,"said":0,"picks":0,"words":0,"yes":0},"follow":{"view":"follow","path":"draft.md","source":"agent","visible":"visible","seen":[{"ms":25,"view":"follow","path":"","source":"","visible":"visible"},{"ms":355,"view":"follow","path":"draft.md","source":"agent","visible":"visible"}]},"editor":{"title":"Review: draft the page (1) — zf-repo","editor":false,"focused":false,"status":"Follow","about":"Follow: draft the page"}}
[2026-10-03T08:43:32.749Z] screenshot docs/verification/evidence/ui/zero-friction/07-typed-6-stopped.png
[2026-10-03T08:43:32.791Z] PASS typed: change course (stop the agent) — ⌥⌘.: 1 action, 177 ms {"actions":{"keys":1,"commands":0,"said":0,"picks":0,"words":0,"yes":0},"before":"running","after":"interrupted","pickShown":null}
[2026-10-03T08:43:36.632Z] screenshot docs/verification/evidence/ui/zero-friction/08-voice-0-own-layout.png
[2026-10-03T08:43:38.553Z] screenshot docs/verification/evidence/ui/zero-friction/09-voice-1-open.png
[2026-10-03T08:43:38.568Z] PASS voice: open Overseer — "Open Overseer.": 1 action, 1833 ms {"actions":{"keys":0,"commands":0,"said":1,"picks":0,"words":0,"yes":0},"said":{"built_in":"open","place":"overseer","run":null,"taken":true},"home":{"mode":"composer","selected":"r-fb809ea1c5f6","title":"draft the page","said":["YouSomeone should draft the pagedraft the page was stoppedStart as an agent"],"voice":"listening","back":true,"width":1031}}
[2026-10-03T08:43:46.071Z] screenshot docs/verification/evidence/ui/zero-friction/10-voice-2-told.png
[2026-10-03T08:43:46.091Z] PASS voice: tell it to do something — "Overseer, someone should write the notes.": 1 action, 7380 ms {"actions":{"keys":0,"commands":0,"said":1,"picks":0,"words":0,"yes":0},"said":{"queued":false,"request":"V-0001","taken":true},"request":{"state":"sent","done":"Done: started write the notes."},"started":{"id":"r-c955318cbbac","title":"write the notes"}}
[2026-10-03T08:44:15.387Z] screenshot docs/verification/evidence/ui/zero-friction/11-voice-3-follow.png
[2026-10-03T08:44:15.424Z] PASS voice: follow an agent — "Follow the notes agent.": 1 action, 234 ms {"actions":{"keys":0,"commands":0,"said":1,"picks":0,"words":0,"yes":0},"said":{"built_in":"open","place":"follow","run":"r-c955318cbbac","taken":true},"follow":{"view":"follow","path":"draft.md","source":"agent","visible":"visible","seen":[{"ms":341,"view":"follow","path":"draft.md","source":"agent","visible":"visible"}]}}
[2026-10-03T08:44:15.733Z] screenshot docs/verification/evidence/ui/zero-friction/12-voice-4-manual-edit.png
[2026-10-03T08:44:15.774Z] PASS voice: Follow → Manual edit — "Manual edit.": 1 action, 207 ms {"actions":{"keys":0,"commands":0,"said":1,"picks":0,"words":0,"yes":0},"said":{"built_in":"open","place":"manual_edit","run":null,"taken":true},"editor":{"title":"draft.md — zf-repo","editor":true,"focused":true,"status":"Manual edit","about":"Manual edit: write the notes"}}
[2026-10-03T08:44:18.231Z] screenshot docs/verification/evidence/ui/zero-friction/13-voice-5-follow-again.png
[2026-10-03T08:44:18.271Z] PASS voice: Manual edit → Follow — "Back to follow.": 1 action, 337 ms {"actions":{"keys":0,"commands":0,"said":1,"picks":0,"words":0,"yes":0},"said":{"built_in":"open","place":"follow","run":null,"taken":true},"follow":{"view":"follow","path":"draft.md","source":"agent","visible":"visible","seen":[{"ms":332,"view":"follow","path":"draft.md","source":"agent","visible":"visible"}]},"editor":{"title":"Review: write the notes (1) — zf-repo","editor":false,"focused":false,"status":"Follow","about":"Follow: write the notes"}}
[2026-10-03T08:44:21.233Z] PASS voice: change course (redirect the agent) — "Tell the notes agent to keep it short.": 1 action, 2958 ms {"actions":{"keys":0,"commands":0,"said":1,"picks":0,"words":0,"yes":0},"said":{"queued":false,"request":"V-0002","taken":true},"request":{"state":"sent","done":"Done: sent \"(by voice) The owner said: “Tell the notes agent to keep it short.”\nFor you: Please keep it short.\" to write the notes (queued until its turn ends)."},"queued":true}
[2026-10-03T08:44:21.570Z] screenshot docs/verification/evidence/ui/zero-friction/14-voice-6-stopped.png
[2026-10-03T08:44:21.622Z] PASS voice: change course (stop the agent) — "Stop the notes agent.": 1 action, 221 ms {"actions":{"keys":0,"commands":0,"said":1,"picks":0,"words":0,"yes":0},"said":{"built_in":"stop","request":"V-0003","stopped":["write the notes"],"taken":true},"interrupted":true,"redirectIsTheNextTurn":true}
[2026-10-03T08:44:21.622Z] the loop ["typed · open Overseer · ⌥⌘⇧O · keys 1 said 0 yes 0 · 1946 ms · ok","typed · tell it to do something · ⌥⌘O, \"Someone should draft the page\", Enter; Yes on the proposal · keys 1 said 0 yes 1 · 1545 ms · ok","typed · follow an agent · ⌥⌘A, \"draft\", Enter · keys 1 said 0 yes 0 · 823 ms · ok","typed · Follow → Manual edit · ⌥⌘E · keys 1 said 0 yes 0 · 68 ms · ok","typed · Manual edit → Follow · ⌥⌘E · keys 1 said 0 yes 0 · 419 ms · ok","typed · change course (stop the agent) · ⌥⌘. · keys 1 said 0 yes 0 · 177 ms · ok","voice · open Overseer · \"Open Overseer.\" · keys 0 said 1 yes 0 · 1833 ms · ok","voice · tell it to do something · \"Overseer, someone should write the notes.\" · keys 0 said 1 yes 0 · 7380 ms · ok","voice · follow an agent · \"Follow the notes agent.\" · keys 0 said 1 yes 0 · 234 ms · ok","voice · Follow → Manual edit · \"Manual edit.\" · keys 0 said 1 yes 0 · 207 ms · ok","voice · Manual edit → Follow · \"Back to follow.\" · keys 0 said 1 yes 0 · 337 ms · ok","voice · change course (redirect the agent) · \"Tell the notes agent to keep it short.\" · keys 0 said 1 yes 0 · 2958 ms · ok","voice · change course (stop the agent) · \"Stop the notes agent.\" · keys 0 said 1 yes 0 · 221 ms · ok"]
[2026-10-03T08:44:21.622Z] PASS all five, typed and spoken, at most one action each plus at most one yes [["typed","open Overseer",true],["typed","tell it to do something",true],["typed","follow an agent",true],["typed","Follow → Manual edit",true],["typed","Manual edit → Follow",true],["typed","change course (stop the agent)",true],["voice","open Overseer",true],["voice","tell it to do something",true],["voice","follow an agent",true],["voice","Follow → Manual edit",true],["voice","Manual edit → Follow",true],["voice","change course (redirect the agent)",true],["voice","change course (stop the agent)",true]]
[2026-10-03T08:44:21.649Z] background window: main-process events [{"ms":196,"what":"window created","show":true},{"ms":245,"what":"window shown"},{"ms":4129,"what":"webContents.focus()","stack":["at Ba.doFocusWindow (file:///Applications/Visual%20Studio%20Code.app/Contents/Resources/app/out/mainImpl.js:97:56045)","at Ba.focus (file:///Applications/Visual%20Studio%20Code.app/Contents/Resources/app/out/mainImpl.js:97:55537)","at Zc.openInBrowserWindow (file:///Applications/Visual%20Studio%20Code.app/Contents/Resources/app/out/mainImpl.js:102:21335)","at Zc.doOpenFolderOrWorkspace (file:///Applications/Visual%20Studio%20Code.app/Contents/Resources/app/out/mainImpl.js:102:11786)"]},{"ms":43895,"what":"webContents.focus()","stack":["at Ba.doFocusWindow (file:///Applications/Visual%20Studio%20Code.app/Contents/Resources/app/out/mainImpl.js:97:56045)","at Ba.focus (file:///Applications/Visual%20Studio%20Code.app/Contents/Resources/app/out/mainImpl.js:97:55537)","at Zc.openInBrowserWindow (file:///Applications/Visual%20Studio%20Code.app/Contents/Resources/app/out/mainImpl.js:102:21335)","at Zc.doOpenFolderOrWorkspace (file:///Applications/Visual%20Studio%20Code.app/Contents/Resources/app/out/mainImpl.js:102:11786)"]},{"ms":47758,"what":"webContents.focus()","stack":["at Ba.doFocusWindow (file:///Applications/Visual%20Studio%20Code.app/Contents/Resources/app/out/mainImpl.js:97:56045)","at Ba.focus (file:///Applications/Visual%20Studio%20Code.app/Contents/Resources/app/out/mainImpl.js:97:55537)","at Zc.openInBrowserWindow (file:///Applications/Visual%20Studio%20Code.app/Contents/Resources/app/out/mainImpl.js:102:21335)","at Zc.doOpenFolderOrWorkspace (file:///Applications/Visual%20Studio%20Code.app/Contents/Resources/app/out/mainImpl.js:102:11786)"]}]
SCENARIO PASSED /private/tmp/ovs-ui-0EZg9J
stopped 4 process(es) the scenario left: overseerd-darwin-arm64, Visual, (node)
