   Compiling overseer-tui v0.1.0 (/private/tmp/overseer-mods-tui-20261003/tui)
    Finished `test` profile [unoptimized + debuginfo] target(s) in 0.28s
     Running tests/mods.rs (/private/tmp/overseer-closeout-verify-target/debug/deps/mods-e138392e91c00e69)

running 20 tests
test actual_overseer_target_is_read_from_state_without_creating_a_session ... ok
test absent_turn_and_planned_bundle_remain_truthful_at_narrow_width ... ok
test binding_edit_preserves_exact_filters_lock_id_and_disabled_override ... ok
test compose_input_keeps_literal_m_and_does_not_open_mods ... ok
test control_events_refresh_only_global_or_current_envelope_target ... ok
test applied_uses_agent_title_and_readable_delivery_outcome_labels ... FAILED
test disconnect_invalidates_pending_reads_and_reconnect_refreshes ... ok
test late_original_target_reply_cannot_replace_the_explicit_overseer_target ... ok
test mixed_read_revisions_require_refresh_before_any_binding_write ... ok
test grid_zoom_and_dashboard_entry_restore_the_original_view ... ok
test mods_footer_describes_the_current_panel_instead_of_agent_mutations ... ok
test narrow_binding_form_keeps_the_selected_field_visible ... ok
test overseer_scope_binding_needs_no_agent_or_active_overseer_run ... FAILED
test own_session_event_burst_coalesces_into_one_authoritative_state_read ... ok
test no_focus_opens_library_without_requesting_an_empty_target ... ok
test preview_confirmation_is_explicit_immutable_and_never_enables ... ok
test scoped_enable_and_explicit_disable_pin_exact_daemon_identifiers ... ok
test removal_reviews_exact_pin_and_conflict_never_replays_the_write ... ok
test switching_away_from_pending_overseer_read_does_not_poison_later_selection ... ok
test update_uses_install_rpc_and_never_sends_a_new_binding ... ok

failures:

---- applied_uses_agent_title_and_readable_delivery_outcome_labels stdout ----

thread 'applied_uses_agent_title_and_readable_delivery_outcome_labels' panicked at tui/tests/mods.rs:521:5:
assertion failed: rendered.contains("Target: Agent A")
note: run with `RUST_BACKTRACE=1` environment variable to display a backtrace

---- overseer_scope_binding_needs_no_agent_or_active_overseer_run stdout ----

thread 'overseer_scope_binding_needs_no_agent_or_active_overseer_run' panicked at tui/tests/mods.rs:42:32:
missing mods.bind request: [(2, "gateway.status", Object {}), (3, "audio.get", Object {}), (4, "voice.subscribe", Object {}), (5, "events.list", Object {"after": Number(0), "limit": Number(5000), "run_id": String("agent-a")})]


failures:
    applied_uses_agent_title_and_readable_delivery_outcome_labels
    overseer_scope_binding_needs_no_agent_or_active_overseer_run

test result: FAILED. 18 passed; 2 failed; 0 ignored; 0 measured; 0 filtered out; finished in 0.03s

error: test failed, to rerun pass `-p overseer-tui --test mods`
