[2026-09-28T16:25:54.173Z] installed "Installing extensions...\nExtension 'overseer-0.1.0.vsix' was successfully installed."
[2026-09-28T16:26:23.886Z] screenshot docs/verification/evidence/ui/grid-drag/01-grid-4-overseer-dark.png
[2026-09-28T16:26:25.760Z] screenshot docs/verification/evidence/ui/grid-drag/02-grid-4-overseer-light.png
[2026-09-28T16:26:27.673Z] screenshot docs/verification/evidence/ui/grid-drag/03-grid-4-overseer.png
[2026-09-28T16:26:35.658Z] screenshot docs/verification/evidence/ui/grid-drag/04-grid-9-overseer-dark.png
[2026-09-28T16:26:37.565Z] screenshot docs/verification/evidence/ui/grid-drag/05-grid-9-overseer-light.png
[2026-09-28T16:26:39.488Z] screenshot docs/verification/evidence/ui/grid-drag/06-grid-9-overseer.png
[2026-09-28T16:26:49.239Z] screenshot docs/verification/evidence/ui/grid-drag/07-grid-16-overseer-dark.png
[2026-09-28T16:26:51.131Z] screenshot docs/verification/evidence/ui/grid-drag/08-grid-16-overseer-light.png
[2026-09-28T16:26:53.060Z] screenshot docs/verification/evidence/ui/grid-drag/09-grid-16-overseer.png
[2026-09-28T16:26:54.861Z] PASS each agent dragged from the side bar lands in the grid (1 to 16 tiles, counted at each step) [2,3,4,5,6,7,8,9,10,11,12,13,14,15,16]
[2026-09-28T16:26:54.862Z] PASS the chosen edges built a 4×4 grid of 16 tiles {"cols":4,"rows":4}
[2026-09-28T16:26:54.862Z] PASS each tile dragged to an edge of another tile ends up on that side of it (measured on screen at each step) ["2:right:true","3:right:true","4:right:true","5:bottom:true","6:bottom:true","7:bottom:true","8:bottom:true","9:bottom:true","10:bottom:true","11:bottom:true","12:bottom:true","13:bottom:true","14:bottom:true","15:bottom:true","16:bottom:true"]
[2026-09-28T16:26:54.862Z] PASS during each drag the drop preview shows the edge and tile it will land on [{"shown":true,"edge":"right","target":"r-4eadb972e74b"},{"shown":true,"edge":"right","target":"r-c86624f8384c"},{"shown":true,"edge":"right","target":"r-35ab4a234a8f"},{"shown":true,"edge":"bottom","target":"r-4eadb972e74b"},{"shown":true,"edge":"bottom","target":"r-c86624f8384c"},{"shown":true,"edge":"bottom","target":"r-35ab4a234a8f"},{"shown":true,"edge":"bottom","target":"r-c2c213f17ac7"},{"shown":true,"edge":"bottom","target":"r-5e68c2ee0a46"},{"shown":true,"edge":"bottom","target":"r-b8c6a7a0d1bf"},{"shown":true,"edge":"bottom","target":"r-efbfb0ad29c9"},{"shown":true,"edge":"bottom","target":"r-fd24cebf1b67"},{"shown":true,"edge":"bottom","target":"r-126468059e0c"},{"shown":true,"edge":"bottom","target":"r-3de9acb51601"},{"shown":true,"edge":"bottom","target":"r-2fd59d01590e"},{"shown":true,"edge":"bottom","target":"r-351a7b550930"}]
[2026-09-28T16:26:55.416Z] screenshot docs/verification/evidence/ui/grid-drag/10-grid-full.png
[2026-09-28T16:26:56.219Z] PASS a 17th agent is refused with "The grid is full (16)" and the layout does not change (no chat editor opens either) {"fullShown":true,"count":16,"tabs":["Overseer"]}
[2026-09-28T16:26:56.219Z] PASS at 16 no drop zone appears for another agent; the drag says the grid is full {"accepted":true,"preview":false,"full":true}
[2026-09-28T16:26:57.502Z] PASS Alt+Left moves the focused tile to the left (a keyboard path to place tiles) {"before":{"l":814,"t":44,"r":1074,"b":225},"after":{"l":545,"t":44,"r":671,"b":225}}
[2026-09-28T16:27:06.979Z] PASS a window reload keeps the grid layout exactly {"same":true}
[2026-09-28T16:27:07.083Z] screenshot docs/verification/evidence/ui/grid-drag/11-after-reload.png
