
running 57 tests
test ac163_off_by_default_kept_across_a_kill_and_muted_means_no_listener ... ok
test a_check_in_turn_is_not_the_answer_to_a_spoken_request ... ok
test ac164_side_talk_over_overseer_lets_it_finish_and_addressed_words_stop_it ... ok
test ac163_one_utterance_one_request_and_a_second_listener_is_refused ... ok
test ac164_lines_wait_for_the_owner_and_side_talk_makes_no_request ... ok
test ac165_a_spoken_request_is_taken_at_once_planned_and_sent_with_the_owner_s_words ... ok
test ac166_talking_to_one_chosen_agent ... ok
test ac164_noise_never_moves_the_mark_and_speech_does ... ok
test ac167_ac168_delivery_setting_and_new_agent_limits ... ok
test ac165_the_holding_line_once_and_a_failed_dispatch_is_spoken ... ok
test ac167_stop_by_voice_interrupts_within_a_second ... ok
test ac167_additions_wait_and_arrive_as_one_message_a_redirect_stops_the_turn ... ok
test ac166_the_right_agents_with_the_fixture_orchestrator ... ok
test ac169_the_card_holds_the_exact_text_the_agent_got ... ok
test ac169_two_agents_in_flight_and_a_new_one_get_the_card_s_text_byte_for_byte ... ok
test ac170_cancel_or_correct_inside_the_window ... ok
test ac170_a_correction_changes_the_targets_and_after_the_send_supersedes ... ok
test ac171_a_command_during_a_read_back_is_still_taken ... ok
test ac171_a_confirm_plan_waits_for_a_clear_yes_by_voice ... ok
test ac171_an_agent_s_words_add_no_target ... ok
test ac171_a_permission_answered_by_voice_with_a_cue_a_toast_and_a_window ... ok
test ac171_each_action_by_its_tier_whatever_the_plan_claims ... ok
test ac165_the_three_answers_over_fifty_requests has been running for over 60 seconds
test ac171_permissions_one_at_a_time_with_silence_maybe_and_the_toast_s_cancel ... ok
test ac168_new_agents_from_a_request ... ok
test ac172_cues_wait_for_overseer_s_phrase_and_give_way_to_the_owner ... ok
test ac173_a_model_above_the_memory_budget_is_refused ... ok
test ac173_a_call_pauses_voice_mode_and_it_resumes ... ok
test ac173_levels_and_side_talk_are_never_stored ... ok
test ac173_each_bound_holds ... ok
test ac175_a_dying_listener_never_touches_an_agent_and_four_deaths_turn_voice_off ... ok
test ac175_built_in_phrases_work_with_no_model ... ok
test ac175_orchestrator_and_recognizer_failures_send_nothing_and_touch_no_agent ... ok
test ac177_two_windows_see_the_same_levels_from_one_listener ... ok
test ac220_a_restarted_listener_is_not_paused_by_the_old_one ... ok
test ac226_show_me_the_agent_by_voice ... ok
test ac172_an_attention_cue_waits_for_the_thought_and_nothing_overlaps ... ok
test ac227_handle_what_needs_me_by_voice ... ok
test ac228_a_request_not_for_overseer_never_says_on_it ... ok
test ac229_a_request_naming_overseer_with_an_instruction_is_never_dropped ... ok
test ac229_confirmed_multiple_starts_and_redirect_read_back_each_task ... ok
test ac229_the_recognizer_expects_the_agents_and_the_repositories ... ok
test ac229_a_start_is_read_back_and_a_correction_inside_the_window_changes_it ... ok
test ac173_twenty_requests_with_the_listener_writing_nothing_and_connecting_nowhere has been running for over 60 seconds
test ac230_by_voice_modes_a_start_in_auto_and_a_permission_read_out_unasked ... ok
test ac252_the_loop_by_voice_one_sentence_each ... ok
test ac_capture_aside_before_voice_completion ... ok
test ac_capture_empty_and_failed_turns_close_without_assistant_output ... ok
test ac248_a_proposal_after_its_spoken_request_closed_is_withdrawn ... ok
test ac_capture_fenced_actions_keep_predecessor_authorship_after_owner_successor ... ok
test ac_capture_question_before_voice_completion ... ok
test ac_capture_replies_keep_their_turn_after_successor_completion ... ok
test common::base32::tests::base32_round_trips_and_matches_rfc_vectors ... ok
test common::noise::tests::a_wrong_pairing_secret_fails_in_the_first_message ... ok
test common::noise::tests::large_messages_are_chunked_and_joined ... ok
test common::noise::tests::noise_vectors_match_the_shared_file ... ok
test ac_capture_withdrawn_predecessor_cannot_cancel_open_successor ... ok
test ac173_twenty_requests_with_the_listener_writing_nothing_and_connecting_nowhere ... ok
test ac165_the_three_answers_over_fifty_requests ... ok

test result: ok. 57 passed; 0 failed; 0 ignored; 0 measured; 0 filtered out; finished in 191.59s

