warning: unused import: `revision`
 --> daemon/src/mods/bindings.rs:5:5
  |
5 |     revision,
  |     ^^^^^^^^
  |
  = note: `#[warn(unused_imports)]` on by default

warning: value assigned to `note` is never read
   --> daemon/src/background.rs:377:17
    |
377 |         let mut note = String::new();
    |                 ^^^^
    |
    = help: maybe it is overwritten before being read?
    = note: `#[warn(unused_assignments)]` on by default

warning: methods `book_shared_account`, `shared_booking_draw`, and `mark_shared_booking_uncertain` are never used
    --> daemon/src/account_booking.rs:1203:12
     |
1171 | impl Store {
     | ---------- methods in this implementation
...
1203 |     pub fn book_shared_account(&self, req: &AccountBookingRequest<'_>) -> Result<BookingDecision> {
     |            ^^^^^^^^^^^^^^^^^^^
...
1255 |     pub fn shared_booking_draw(
     |            ^^^^^^^^^^^^^^^^^^^
...
1387 |     pub fn mark_shared_booking_uncertain(&self, id: &str) -> Result<()> {
     |            ^^^^^^^^^^^^^^^^^^^^^^^^^^^^^
     |
     = note: `#[warn(dead_code)]` on by default

warning: methods `blocking_window` and `allowance_unknown` are never used
   --> daemon/src/auto_quota.rs:139:12
    |
60  | impl QuotaSnapshot {
    | ------------------ methods in this implementation
...
139 |     pub fn blocking_window(&self, model: &str) -> Option<&QuotaWindow> {
    |            ^^^^^^^^^^^^^^^
...
145 |     pub fn allowance_unknown(&self, model: &str) -> bool {
    |            ^^^^^^^^^^^^^^^^^

warning: function `auto_local_execution_guard` is never used
   --> daemon/src/auto_opencode.rs:177:8
    |
177 | pub fn auto_local_execution_guard(profile: &crate::store::Profile, project: &Path,
    |        ^^^^^^^^^^^^^^^^^^^^^^^^^^

warning: fields `resolved_model_version` and `task_signature` are never read
   --> daemon/src/auto_consumption.rs:169:9
    |
166 | pub struct DeltaContext<'a> {
    |            ------------ fields in this struct
...
169 |     pub resolved_model_version: Option<&'a str>,
    |         ^^^^^^^^^^^^^^^^^^^^^^
170 |     pub task_signature: Option<&'a crate::auto_select::TaskSignature>,
    |         ^^^^^^^^^^^^^^
    |
    = note: `DeltaContext` has derived impls for the traits `Debug` and `Clone`, but these are intentionally ignored during dead code analysis

warning: function `estimate_from_actual_window_delta` is never used
   --> daemon/src/auto_consumption.rs:291:8
    |
291 | pub fn estimate_from_actual_window_delta(
    |        ^^^^^^^^^^^^^^^^^^^^^^^^^^^^^^^^^

warning: function `apply_scoped_fit` is never used
   --> daemon/src/auto_fit.rs:204:8
    |
204 | pub fn apply_scoped_fit(
    |        ^^^^^^^^^^^^^^^^

warning: variant `Provider` is never constructed
  --> daemon/src/auto_health.rs:10:5
   |
9  | pub enum Scope {
   |          ----- variant in this enum
10 |     Provider(String),
   |     ^^^^^^^^
   |
   = note: `Scope` has derived impls for the traits `Debug` and `Clone`, but these are intentionally ignored during dead code analysis

warning: methods `workspace_diff` and `state` are never used
    --> daemon/src/daemon.rs:3744:12
     |
433  | impl Daemon {
     | ----------- methods in this implementation
...
3744 |     pub fn workspace_diff(&self, workspace_id: &str, base: &str) -> Result<Value> {
     |            ^^^^^^^^^^^^^^
...
3799 |     pub fn state(&self) -> Result<Value> {
     |            ^^^^^

warning: field `device_name` is never read
  --> daemon/src/gateway/mod.rs:86:9
   |
84 | pub struct Session {
   |            ------- field in this struct
85 |     pub device_id: String,
86 |     pub device_name: String,
   |         ^^^^^^^^^^^

warning: field `public` is never read
  --> daemon/src/gateway/noise.rs:40:9
   |
38 | pub struct Keypair {
   |            ------- field in this struct
39 |     pub private: Vec<u8>,
40 |     pub public: Vec<u8>,
   |         ^^^^^^

warning: constant `ALLOWED_FIELDS` is never used
  --> daemon/src/gateway/push.rs:16:11
   |
16 | pub const ALLOWED_FIELDS: &[&str] = &[
   |           ^^^^^^^^^^^^^^

warning: function `decorate` is never used
    --> daemon/src/voice/request.rs:2158:8
     |
2158 | pub fn decorate(d: &Daemon, actions: &mut [Value]) -> Result<bool> {
     |        ^^^^^^^^

warning: method `is_clean` is never used
   --> daemon/src/git.rs:299:12
    |
298 | impl Status {
    | ----------- method in this implementation
299 |     pub fn is_clean(&self) -> bool {
    |            ^^^^^^^^

warning: function `tree_has` is never used
   --> daemon/src/git.rs:356:8
    |
356 | pub fn tree_has(workspace: &Path, tree_ish: &str, path: &str) -> bool {
    |        ^^^^^^^^

warning: function `show_blob` is never used
   --> daemon/src/git.rs:360:8
    |
360 | pub fn show_blob(workspace: &Path, tree_ish: &str, path: &str) -> Result<Vec<u8>> {
    |        ^^^^^^^^^

warning: function `worktree_list` is never used
   --> daemon/src/git.rs:368:8
    |
368 | pub fn worktree_list(repo: &Path) -> Vec<PathBuf> {
    |        ^^^^^^^^^^^^^

warning: struct `Reading` is never constructed
  --> daemon/src/net.rs:79:12
   |
79 | pub struct Reading {
   |            ^^^^^^^

warning: function `read` is never used
  --> daemon/src/net.rs:97:8
   |
97 | pub fn read(probes: bool) -> Reading {
   |        ^^^^

warning: field `model` is never read
   --> daemon/src/opencode_bridge.rs:260:9
    |
243 | pub struct Turn {
    |            ---- field in this struct
...
260 |     pub model: String,
    |         ^^^^^

warning: constant `METHOD_CLASSES` is never used
  --> daemon/src/overseer/control.rs:60:11
   |
60 | pub const METHOD_CLASSES: &[(&str, &str)] = &[
   |           ^^^^^^^^^^^^^^

warning: function `method_class` is never used
   --> daemon/src/overseer/control.rs:137:8
    |
137 | pub fn method_class(method: &str) -> Option<&'static str> {
    |        ^^^^^^^^^^^^

warning: function `is_session_event` is never used
    --> daemon/src/overseer/session.rs:2429:8
     |
2429 | pub fn is_session_event(kind: &str) -> bool {
     |        ^^^^^^^^^^^^^^^^

warning: methods `insert_task_and_run`, `insert_task_and_run_bound`, `child_by_native`, `insert_turn_if_no_auto_claim`, and `put_auto_allowance_estimate` are never used
    --> daemon/src/store.rs:973:12
     |
189  | impl Store {
     | ---------- methods in this implementation
...
973  |     pub fn insert_task_and_run(&self, t: &Task, r: &Run, attempt_id: Option<&str>,
     |            ^^^^^^^^^^^^^^^^^^^
...
980  |     pub fn insert_task_and_run_bound(&self, t: &Task, r: &Run, attempt_id: Option<&str>,
     |            ^^^^^^^^^^^^^^^^^^^^^^^^^
...
1128 |     pub fn child_by_native(&self, parent: &str, native: &str) -> Result<Option<Run>> {
     |            ^^^^^^^^^^^^^^^
...
1797 |     pub fn insert_turn_if_no_auto_claim(&self, t: &Turn, profile_id: &str) -> Result<bool> {
     |            ^^^^^^^^^^^^^^^^^^^^^^^^^^^^
...
2538 |     pub fn put_auto_allowance_estimate(&self, profile_id: &str, generation: i64,
     |            ^^^^^^^^^^^^^^^^^^^^^^^^^^^

warning: function `parse_meminfo` is never used
   --> daemon/src/sys.rs:114:8
    |
114 | pub fn parse_meminfo(text: &str) -> Result<(u64, u64)> {
    |        ^^^^^^^^^^^^^

warning: function `parse_psi` is never used
   --> daemon/src/sys.rs:127:8
    |
127 | pub fn parse_psi(text: &str) -> Pressure {
    |        ^^^^^^^^^

warning: `overseerd` (bin "overseerd") generated 27 warnings (run `cargo fix --bin "overseerd"` to apply 1 suggestion)
    Finished `test` profile [unoptimized + debuginfo] target(s) in 0.06s
     Running tests/swarm_native.rs (/private/tmp/overseer-closeout-verify-target/debug/deps/swarm_native-5533b1b1699b1aae)

running 19 tests
test a_calibrated_director_books_its_account_with_its_own_draw ... ok
test a_harness_without_a_swarm_delivery_path_is_excluded_before_launch ... ok
test a_native_director_applies_the_owners_requirement_change_by_revising ... ok
test an_unqualified_cheap_route_is_refused_and_no_qualified_route_blocks_visibly ... ok
test auto_selects_each_jobs_route_within_the_approved_pool ... ok
test common::base32::tests::base32_round_trips_and_matches_rfc_vectors ... ok
test common::noise::tests::a_wrong_pairing_secret_fails_in_the_first_message ... ok
test common::noise::tests::large_messages_are_chunked_and_joined ... ok
test common::noise::tests::noise_vectors_match_the_shared_file ... ok
test each_route_decision_replays_to_the_same_route_and_reason ... ok
test four_way_launch_matrix_auto_manual_by_swarm_on_off ... Manual x Swarm off: Cell { path: "ordinary", bookings: [], slots: 1, swarm_runs: 0, swarm_workers: 0 }
Auto x Swarm off: Cell { path: "auto_root", bookings: ["auto_pool_claim:active"], slots: 1, swarm_runs: 0, swarm_workers: 0 }
Manual x Swarm on: Cell { path: "swarm_director+swarm_worker+swarm_worker", bookings: ["director:", "worker:swarm:slot", "worker:swarm:slot"], slots: 3, swarm_runs: 1, swarm_workers: 2 }
Auto x Swarm on: Cell { path: "swarm_director+swarm_worker+swarm_worker", bookings: ["director:", "worker:swarm:slot", "worker:swarm:slot"], slots: 3, swarm_runs: 2, swarm_workers: 4 }
ok
test native_claude_workers_audit_read_only_and_a_source_change_fails_the_attempt ... ok
test native_director_is_on_by_default_and_the_owner_can_turn_it_off ... ok
test native_workers_report_through_their_own_tokens_and_cannot_act_for_others ... ok
test one_job_falls_back_once_then_stops_and_an_uncertain_effect_pauses ... ok
test s0_native_director_runs_end_to_end_with_the_gate_on ... ok
test s0_native_director_survives_a_daemon_restart_mid_run ... ok
test the_directors_booking_draws_on_the_runs_allocation_and_works_at_overseers_cap ... ok
test unselected_accounts_are_never_candidates_for_work_or_fallback ... ok

test result: ok. 19 passed; 0 failed; 0 ignored; 0 measured; 0 filtered out; finished in 139.28s

