[2026-09-30T09:38:31.451Z] installed "Installing extensions...\nExtension 'overseer-0.1.0.vsix' was successfully installed."
[2026-09-30T09:38:36.648Z] PASS Talk to Overseer opens home with the composer talking to Overseer, and no Overseer view is docked below {"target":"overseer","panelViews":[]}
[2026-09-30T09:38:36.648Z] PASS home has a visible Voice Mode button with its shortcut shown (AC-217) {"text":"Voice⌥⌘⇧V","label":"Turn Voice Mode on (⌥⌘⇧V)","pressed":"false","visible":true}
[2026-09-30T09:38:42.512Z] screenshot docs/verification/evidence/ui/one-view/01-chat-overseer.png
[2026-09-30T09:38:43.087Z] screenshot docs/verification/evidence/ui/one-view/02-turning-on-1.png
[2026-09-30T09:38:43.452Z] screenshot docs/verification/evidence/ui/one-view/03-turning-on-2.png
[2026-09-30T09:38:43.817Z] screenshot docs/verification/evidence/ui/one-view/04-turning-on-3.png
[2026-09-30T09:38:48.756Z] screenshot docs/verification/evidence/ui/one-view/05-voice-spoken-card-overseer.png
[2026-09-30T09:38:48.968Z] screenshot docs/verification/evidence/ui/one-view/06-voice-on-overseer.png
[2026-09-30T09:38:50.075Z] screenshot docs/verification/evidence/ui/one-view/07-voice-off-overseer.png
[2026-09-30T09:38:53.029Z] screenshot docs/verification/evidence/ui/one-view/08-chat-dark.png
[2026-09-30T09:38:54.270Z] screenshot docs/verification/evidence/ui/one-view/09-voice-on-dark.png
[2026-09-30T09:38:55.281Z] screenshot docs/verification/evidence/ui/one-view/10-voice-off-dark.png
[2026-09-30T09:38:58.265Z] screenshot docs/verification/evidence/ui/one-view/11-chat-light.png
[2026-09-30T09:38:59.486Z] screenshot docs/verification/evidence/ui/one-view/12-voice-on-light.png
[2026-09-30T09:39:00.495Z] screenshot docs/verification/evidence/ui/one-view/13-voice-off-light.png
[2026-09-30T09:39:00.514Z] PASS turning Voice Mode on turns the chat into the voice view (the mark on top, in the same view) and off returns to the chat, in the three themes [{"tag":"overseer","mark":{"w":175.5546875,"top":94},"same":true,"on":{"stage":true,"voice":"on","mode":"composer","pressed":"true","cards":3,"tabs":["Overseer"],"panel":false},"off":{"stage":false,"cards":7,"tabs":["Overseer"],"panel":false},"opened":0,"panelBefore":false},{"tag":"dark","mark":{"w":175.5546875,"top":101.1875},"same":true,"on":{"stage":true,"voice":"on","mode":"composer","pressed":"true","cards":7,"tabs":["Overseer"],"panel":false},"off":{"stage":false,"cards":7,"tabs":["Overseer"],"panel":false},"opened":0,"panelBefore":false},{"tag":"light","mark":{"w":175.5546875,"top":101.1875},"same":true,"on":{"stage":true,"voice":"on","mode":"composer","pressed":"true","cards":7,"tabs":["Overseer"],"panel":false},"off":{"stage":false,"cards":7,"tabs":["Overseer"],"panel":false},"opened":0,"panelBefore":false}]
[2026-09-30T09:39:00.515Z] PASS nothing opens below or beside: no new editor tab and no panel [{"tag":"overseer","opened":0,"panel":false},{"tag":"dark","opened":0,"panel":false},{"tag":"light","opened":0,"panel":false}]
[2026-09-30T09:39:00.515Z] PASS the same cards throughout (chat, voice on, voice off), the spoken request among them [{"tag":"overseer","same":true},{"tag":"dark","same":true},{"tag":"light","same":true}]
[2026-09-30T09:39:00.515Z] PASS the line "Stop, mute and what's running still work" is gone (AC-217)
[2026-09-30T09:39:04.274Z] screenshot docs/verification/evidence/ui/one-view/14-needs-badge.png
[2026-09-30T09:39:04.669Z] screenshot docs/verification/evidence/ui/one-view/15-needs-list.png
[2026-09-30T09:39:04.688Z] PASS Needs you is a small badge with a count, and a click pops out the short list {"badge":{"count":"1","label":"Needs you: 1","visible":true},"items":[{"label":"Sessions","hint":"Approve"}]}
[2026-09-30T09:39:05.905Z] screenshot docs/verification/evidence/ui/one-view/16-needs-item-focuses-agent.png
[2026-09-30T09:39:05.926Z] PASS a click on a Needs-you item focuses that agent (its chat) {"selected":"r-494fe7faa767","mode":"chat"}
[2026-09-30T09:39:07.896Z] screenshot docs/verification/evidence/ui/one-view/17-handle-what-needs-me-asks.png
[2026-09-30T09:39:09.927Z] screenshot docs/verification/evidence/ui/one-view/18-handle-what-needs-me-answered.png
[2026-09-30T09:39:09.959Z] PASS "handle what needs me" asks about the waiting permission and the owner's yes answers it {"stillWaiting":"waiting_for_user","answered":7}
[2026-09-30T09:39:09.959Z] PASS answering an agent's permission clears its Needs-you row within a second {"before":2,"after":0,"ms":1}
[2026-09-30T09:39:11.245Z] PASS an agent finishing clears its Needs-you row within a second {"status":"interrupted","withWriter":1,"after":0,"ms":104}
[2026-09-30T09:39:15.592Z] screenshot docs/verification/evidence/ui/one-view/19-stage-waiting-for-yes.png
[2026-09-30T09:39:18.652Z] screenshot docs/verification/evidence/ui/one-view/20-aside-working.png
[2026-09-30T09:39:26.516Z] screenshot docs/verification/evidence/ui/one-view/21-aside-done.png
[2026-09-30T09:39:26.553Z] PASS a typed request's card passes through every stage in order: thinking, waiting for the yes, starting the agent, working, done {"seen":["thinking","waiting","starting","working","done"],"stages":[{"stage":"thinking","text":"Overseer is thinking","progress":"Overseer is thinking"},{"stage":"waiting","text":"Waits for your yes","progress":"Waits for your yes"},{"stage":"starting","text":"Starting draft the page","progress":"Starting draft the page"},{"stage":"working","text":"draft the page is working · 0s","progress":"draft the page is working · 0s"},{"stage":"working","text":"draft the page is working · 1s · Drafting the page.","progress":"draft the page is working · 1s · Drafting the page."},{"stage":"working","text":"draft the page is working · 2s · Drafting the page.","progress":"draft the page is working · 2s · Drafting the page."},{"stage":"working","text":"draft the page is working · 3s · Drafting the page.","progress":"draft the page is working · 3s · Drafting the page."},{"stage":"working","text":"draft the page is working · 3s · Write: draft.md","progress":"draft the page is working · 3s · Write: draft.md"},{"stage":"working","text":"draft the page is working · 4s · Write: draft.md","progress":"draft the page is working · 4s · Write: draft.md"},{"stage":"working","text":"draft the page is working · 5s · Write: draft.md","progress":"draft the page is working · 5s · Write: draft.md"},{"stage":"working","text":"draft the page is working · 5s · Read: draft.md","progress":"draft the page is working · 5s · Read: draft.md"},{"stage":"working","text":"draft the page is working · 6s · Read: draft.md","progress":"draft the page is working · 6s · Read: draft.md"},{"stage":"working","text":"draft the page is working · 7s · Read: draft.md","progress":"draft the page is working · 7s · Read: draft.md"},{"stage":"working","text":"draft the page is working · 8s · Read: draft.md","progress":"draft the page is working · 8s · Read: draft.md"},{"stage":"working","text":"draft the page is working · 9s · Read: draft.md","progress":"draft the page is working · 9s · Read: draft.md"},{"stage":"done","text":"draft the page finished","progress":"draft the page finished"}]}
[2026-09-30T09:39:26.553Z] PASS while working, the card and the view show the agent's live activity and the elapsed time {"stage":"working","text":"draft the page is working · 1s · Drafting the page.","progress":"draft the page is working · 1s · Drafting the page."}
[2026-09-30T09:39:26.553Z] PASS a request that starts a single agent slides the view aside: the agent's chat on the left, the view with the mark on the right {"aside":"1","selected":"r-205e12b334b4","mode":"chat","chatLeft":0,"chatWidth":702,"homeLeft":702,"homeWidth":380,"homeVisible":true}
[2026-09-30T09:39:31.609Z] screenshot docs/verification/evidence/ui/one-view/22-typed-show-me-the-draft-agent.png
[2026-09-30T09:39:36.690Z] screenshot docs/verification/evidence/ui/one-view/23-typed-what-did-it-make.png
[2026-09-30T09:39:41.581Z] screenshot docs/verification/evidence/ui/one-view/24-typed-open-the-file-it-made.png
[2026-09-30T09:39:46.826Z] screenshot docs/verification/evidence/ui/one-view/25-spoken-show-me-the-draft-agent.png
[2026-09-30T09:39:50.108Z] screenshot docs/verification/evidence/ui/one-view/26-spoken-what-did-it-make.png
[2026-09-30T09:39:53.184Z] screenshot docs/verification/evidence/ui/one-view/27-spoken-open-the-file-it-made.png
[2026-09-30T09:39:53.246Z] PASS typed and spoken, "show me the draft agent", "what did it make?" and "open the file it made" focus or open the right thing [{"how":"typed","say":"show me the draft agent","selected":"r-205e12b334b4","mode":"chat"},{"how":"typed","say":"what did it make?","tabs":["Review, Editor Group 1","Overseer, Editor Group 2"]},{"how":"typed","say":"open the file it made","tabs":["Overseer, Editor Group 2","draft.md, Editor Group 2"]},{"how":"spoken","say":"show me the draft agent","selected":"r-205e12b334b4","mode":"chat"},{"how":"spoken","say":"what did it make?","tabs":["Review, Editor Group 1","Overseer, Editor Group 2"]},{"how":"spoken","say":"open the file it made","tabs":["Overseer","draft.md, Editor Group 2"]}]
[2026-09-30T09:39:53.250Z] PASS these are Look actions: none of them waited for a yes []
[2026-09-30T09:39:56.227Z] screenshot docs/verification/evidence/ui/one-view/28-card-click-opens-agent.png
[2026-09-30T09:39:56.294Z] PASS clicking a request card opens the agent it started (beside the conversation, AC-257) {"back":"r-205e12b334b4","mode":"composer"}
[2026-09-30T09:40:05.592Z] screenshot docs/verification/evidence/ui/one-view/29-setting-off-stays.png
[2026-09-30T09:40:05.659Z] PASS with "Show the agent I start" off, the view does not slide aside {"aside":"","mode":"composer","selected":"r-205e12b334b4"}
[2026-09-30T09:40:06.960Z] screenshot docs/verification/evidence/ui/one-view/30-aside-kept-as-context.png
[2026-09-30T09:40:07.031Z] PASS a request not for Overseer never says "On it." and is kept as context in plain words {"said":[]}
[2026-09-30T09:40:07.031Z] PASS no card shows an internal token (NOT_FOR_OVERSEER) or a raw error {"tokens":[]}
[2026-09-30T09:40:07.245Z] background window: main-process events [{"ms":154,"what":"window created","show":true}]
